Archive member included to satisfy reference by file (symbol)

/usr/lib/gcc/arm-none-eabi/13.2.1/../../../arm-none-eabi/lib/thumb/v7-m/nofp/libg_nano.a(libc_a-strlen-stub.o)
                              ./out/tasks.o (strlen)
/usr/lib/gcc/arm-none-eabi/13.2.1/../../../arm-none-eabi/lib/thumb/v7-m/nofp/libg_nano.a(libc_a-impure.o)
                              ./out/startup_gcc.o (_impure_ptr)
/usr/lib/gcc/arm-none-eabi/13.2.1/../../../arm-none-eabi/lib/thumb/v7-m/nofp/libg_nano.a(libc_a-memset.o)
                              ./out/tasks.o (memset)
/usr/lib/gcc/arm-none-eabi/13.2.1/../../../arm-none-eabi/lib/thumb/v7-m/nofp/libg_nano.a(libc_a-fflush.o)
                              ./out/startup_gcc.o (fflush)
/usr/lib/gcc/arm-none-eabi/13.2.1/../../../arm-none-eabi/lib/thumb/v7-m/nofp/libg_nano.a(libc_a-freer.o)
                              /usr/lib/gcc/arm-none-eabi/13.2.1/../../../arm-none-eabi/lib/thumb/v7-m/nofp/libg_nano.a(libc_a-fflush.o) (_free_r)
/usr/lib/gcc/arm-none-eabi/13.2.1/../../../arm-none-eabi/lib/thumb/v7-m/nofp/libg_nano.a(libc_a-fwalk.o)
                              /usr/lib/gcc/arm-none-eabi/13.2.1/../../../arm-none-eabi/lib/thumb/v7-m/nofp/libg_nano.a(libc_a-fflush.o) (_fwalk_sglue)
/usr/lib/gcc/arm-none-eabi/13.2.1/../../../arm-none-eabi/lib/thumb/v7-m/nofp/libg_nano.a(libc_a-memcpy.o)
                              ./out/queue.o (memcpy)
/usr/lib/gcc/arm-none-eabi/13.2.1/../../../arm-none-eabi/lib/thumb/v7-m/nofp/libg_nano.a(libc_a-mlock.o)
                              /usr/lib/gcc/arm-none-eabi/13.2.1/../../../arm-none-eabi/lib/thumb/v7-m/nofp/libg_nano.a(libc_a-freer.o) (__malloc_lock)
/usr/lib/gcc/arm-none-eabi/13.2.1/../../../arm-none-eabi/lib/thumb/v7-m/nofp/libg_nano.a(libc_a-findfp.o)
                              /usr/lib/gcc/arm-none-eabi/13.2.1/../../../arm-none-eabi/lib/thumb/v7-m/nofp/libg_nano.a(libc_a-fflush.o) (__sinit)
/usr/lib/gcc/arm-none-eabi/13.2.1/../../../arm-none-eabi/lib/thumb/v7-m/nofp/libg_nano.a(libc_a-mallocr.o)
                              /usr/lib/gcc/arm-none-eabi/13.2.1/../../../arm-none-eabi/lib/thumb/v7-m/nofp/libg_nano.a(libc_a-findfp.o) (_malloc_r)
/usr/lib/gcc/arm-none-eabi/13.2.1/../../../arm-none-eabi/lib/thumb/v7-m/nofp/libg_nano.a(libc_a-sbrkr.o)
                              /usr/lib/gcc/arm-none-eabi/13.2.1/../../../arm-none-eabi/lib/thumb/v7-m/nofp/libg_nano.a(libc_a-mallocr.o) (_sbrk_r)
/usr/lib/gcc/arm-none-eabi/13.2.1/../../../arm-none-eabi/lib/thumb/v7-m/nofp/libg_nano.a(libc_a-stdio.o)
                              /usr/lib/gcc/arm-none-eabi/13.2.1/../../../arm-none-eabi/lib/thumb/v7-m/nofp/libg_nano.a(libc_a-findfp.o) (__sread)
/usr/lib/gcc/arm-none-eabi/13.2.1/../../../arm-none-eabi/lib/thumb/v7-m/nofp/libg_nano.a(libc_a-closer.o)
                              /usr/lib/gcc/arm-none-eabi/13.2.1/../../../arm-none-eabi/lib/thumb/v7-m/nofp/libg_nano.a(libc_a-stdio.o) (_close_r)
/usr/lib/gcc/arm-none-eabi/13.2.1/../../../arm-none-eabi/lib/thumb/v7-m/nofp/libg_nano.a(libc_a-readr.o)
                              /usr/lib/gcc/arm-none-eabi/13.2.1/../../../arm-none-eabi/lib/thumb/v7-m/nofp/libg_nano.a(libc_a-stdio.o) (_read_r)
/usr/lib/gcc/arm-none-eabi/13.2.1/../../../arm-none-eabi/lib/thumb/v7-m/nofp/libg_nano.a(libc_a-reent.o)
                              /usr/lib/gcc/arm-none-eabi/13.2.1/../../../arm-none-eabi/lib/thumb/v7-m/nofp/libg_nano.a(libc_a-sbrkr.o) (errno)
/usr/lib/gcc/arm-none-eabi/13.2.1/../../../arm-none-eabi/lib/thumb/v7-m/nofp/libg_nano.a(libc_a-lseekr.o)
                              /usr/lib/gcc/arm-none-eabi/13.2.1/../../../arm-none-eabi/lib/thumb/v7-m/nofp/libg_nano.a(libc_a-stdio.o) (_lseek_r)
/usr/lib/gcc/arm-none-eabi/13.2.1/../../../arm-none-eabi/lib/thumb/v7-m/nofp/libg_nano.a(libc_a-writer.o)
                              /usr/lib/gcc/arm-none-eabi/13.2.1/../../../arm-none-eabi/lib/thumb/v7-m/nofp/libg_nano.a(libc_a-stdio.o) (_write_r)
/usr/lib/gcc/arm-none-eabi/13.2.1/../../../arm-none-eabi/lib/thumb/v7-m/nofp/libnosys.a(close.o)
                              /usr/lib/gcc/arm-none-eabi/13.2.1/../../../arm-none-eabi/lib/thumb/v7-m/nofp/libg_nano.a(libc_a-closer.o) (_close)
/usr/lib/gcc/arm-none-eabi/13.2.1/../../../arm-none-eabi/lib/thumb/v7-m/nofp/libnosys.a(lseek.o)
                              /usr/lib/gcc/arm-none-eabi/13.2.1/../../../arm-none-eabi/lib/thumb/v7-m/nofp/libg_nano.a(libc_a-lseekr.o) (_lseek)
/usr/lib/gcc/arm-none-eabi/13.2.1/../../../arm-none-eabi/lib/thumb/v7-m/nofp/libnosys.a(read.o)
                              /usr/lib/gcc/arm-none-eabi/13.2.1/../../../arm-none-eabi/lib/thumb/v7-m/nofp/libg_nano.a(libc_a-readr.o) (_read)
/usr/lib/gcc/arm-none-eabi/13.2.1/../../../arm-none-eabi/lib/thumb/v7-m/nofp/libnosys.a(sbrk.o)
                              /usr/lib/gcc/arm-none-eabi/13.2.1/../../../arm-none-eabi/lib/thumb/v7-m/nofp/libg_nano.a(libc_a-sbrkr.o) (_sbrk)
/usr/lib/gcc/arm-none-eabi/13.2.1/../../../arm-none-eabi/lib/thumb/v7-m/nofp/libnosys.a(write.o)
[...]
Memory Configuration

Name             Origin             Length             Attributes
FLASH            0x00000000         0x00400000         xr
RAM              0x20000000         0x00400000         rw
*default*        0x00000000         0xffffffff

Linker script and memory map

LOAD ./out/tasks.o
LOAD ./out/list.o
LOAD ./out/queue.o
LOAD ./out/timers.o
LOAD ./out/heap_4.o
LOAD ./out/port.o
LOAD ./out/IntQueue.o
LOAD ./out/IntQueueTimer.o
LOAD ./out/main.o
LOAD ./out/startup_gcc.o
START GROUP
LOAD /usr/lib/gcc/arm-none-eabi/13.2.1/thumb/v7-m/nofp/libgcc.a
LOAD /usr/lib/gcc/arm-none-eabi/13.2.1/../../../arm-none-eabi/lib/thumb/v7-m/nofp/libg_nano.a
LOAD /usr/lib/gcc/arm-none-eabi/13.2.1/../../../arm-none-eabi/lib/thumb/v7-m/nofp/libc_nano.a
END GROUP
START GROUP
LOAD /usr/lib/gcc/arm-none-eabi/13.2.1/thumb/v7-m/nofp/libgcc.a
LOAD /usr/lib/gcc/arm-none-eabi/13.2.1/../../../arm-none-eabi/lib/thumb/v7-m/nofp/libc_nano.a
LOAD /usr/lib/gcc/arm-none-eabi/13.2.1/../../../arm-none-eabi/lib/thumb/v7-m/nofp/libnosys.a
END GROUP
START GROUP
LOAD /usr/lib/gcc/arm-none-eabi/13.2.1/thumb/v7-m/nofp/libgcc.a
LOAD /usr/lib/gcc/arm-none-eabi/13.2.1/../../../arm-none-eabi/lib/thumb/v7-m/nofp/libc_nano.a
LOAD /usr/lib/gcc/arm-none-eabi/13.2.1/../../../arm-none-eabi/lib/thumb/v7-m/nofp/libnosys.a
END GROUP
                0x00000008                        _Min_Heap_Size = 0x8
                0x00000400                        _Min_Stack_Size = 0x400
                0x20400000                        _estack = (ORIGIN (RAM) + LENGTH (RAM))

.isr_vector     0x00000000       0x78
                0x00000000                        __vector_table = .
 *(.isr_vector)
 .isr_vector    0x00000000       0x78 ./out/startup_gcc.o
                0x00000000                isr_vector
                0x00000078                        . = ALIGN (0x4)

.text           0x00000078      0xa84
 *(.text)
 .text          0x00000078       0xa0 /usr/lib/gcc/arm-none-eabi/13.2.1/../../../arm-none-eabi/lib/thumb/v7-m/nofp/libg_nano.a(libc_a-memset.o)
                0x00000078                memset
 .text          0x00000118      0x198 /usr/lib/gcc/arm-none-eabi/13.2.1/../../../arm-none-eabi/lib/thumb/v7-m/nofp/libg_nano.a(libc_a-fflush.o)
                0x00000118                __sflush_r
                0x0000022c                _fflush_r
                0x00000264                fflush
 .text          0x000002b0       0xbc /usr/lib/gcc/arm-none-eabi/13.2.1/../../../arm-none-eabi/lib/thumb/v7-m/nofp/libg_nano.a(libc_a-freer.o)
                0x000002b0                _free_r
 .text          0x0000036c       0x44 /usr/lib/gcc/arm-none-eabi/13.2.1/../../../arm-none-eabi/lib/thumb/v7-m/nofp/libg_nano.a(libc_a-fwalk.o)
                0x0000036c                _fwalk_sglue
 .text          0x000003b0       0xec /usr/lib/gcc/arm-none-eabi/13.2.1/../../../arm-none-eabi/lib/thumb/v7-m/nofp/libg_nano.a(libc_a-memcpy.o)
                0x000003b0                memcpy
 .text          0x0000049c        0x8 /usr/lib/gcc/arm-none-eabi/13.2.1/../../../arm-none-eabi/lib/thumb/v7-m/nofp/libg_nano.a(libc_a-mlock.o)
                0x0000049c                __malloc_lock
                0x000004a0                __malloc_unlock
 .text          0x000004a4      0x224 /usr/lib/gcc/arm-none-eabi/13.2.1/../../../arm-none-eabi/lib/thumb/v7-m/nofp/libg_nano.a(libc_a-findfp.o)
                0x000005d4                __sfp
                0x00000678                __sinit
                0x00000698                __sfp_lock_acquire
                0x0000069c                __sfp_lock_release
                0x000006a0                __fp_lock_all
                0x000006b4                __fp_unlock_all
 .text          0x000006c8      0x14c /usr/lib/gcc/arm-none-eabi/13.2.1/../../../arm-none-eabi/lib/thumb/v7-m/nofp/libg_nano.a(libc_a-mallocr.o)
                0x00000714                _malloc_r
 .text          0x00000814       0x24 /usr/lib/gcc/arm-none-eabi/13.2.1/../../../arm-none-eabi/lib/thumb/v7-m/nofp/libg_nano.a(libc_a-sbrkr.o)
                0x00000814                _sbrk_r
 .text          0x00000838       0x94 /usr/lib/gcc/arm-none-eabi/13.2.1/../../../arm-none-eabi/lib/thumb/v7-m/nofp/libg_nano.a(libc_a-stdio.o)
                0x00000838                __sread
                0x0000085c                __seofread
                0x00000860                __swrite
                0x000008a0                __sseek
                0x000008c4                __sclose
 .text          0x000008cc       0x24 /usr/lib/gcc/arm-none-eabi/13.2.1/../../../arm-none-eabi/lib/thumb/v7-m/nofp/libg_nano.a(libc_a-closer.o)
                0x000008cc                _close_r
 .text          0x000008f0       0x2c /usr/lib/gcc/arm-none-eabi/13.2.1/../../../arm-none-eabi/lib/thumb/v7-m/nofp/libg_nano.a(libc_a-readr.o)
                0x000008f0                _read_r
 .text          0x0000091c       0x2c /usr/lib/gcc/arm-none-eabi/13.2.1/../../../arm-none-eabi/lib/thumb/v7-m/nofp/libg_nano.a(libc_a-lseekr.o)
                0x0000091c                _lseek_r
 .text          0x00000948       0x2c /usr/lib/gcc/arm-none-eabi/13.2.1/../../../arm-none-eabi/lib/thumb/v7-m/nofp/libg_nano.a(libc_a-writer.o)
                0x00000948                _write_r
 .text          0x00000974       0x10 /usr/lib/gcc/arm-none-eabi/13.2.1/../../../arm-none-eabi/lib/thumb/v7-m/nofp/libnosys.a(close.o)
                0x00000974                _close
 .text          0x00000984       0x10 /usr/lib/gcc/arm-none-eabi/13.2.1/../../../arm-none-eabi/lib/thumb/v7-m/nofp/libnosys.a(lseek.o)
                0x00000984                _lseek
 .text          0x00000994       0x10 /usr/lib/gcc/arm-none-eabi/13.2.1/../../../arm-none-eabi/lib/thumb/v7-m/nofp/libnosys.a(read.o)
                0x00000994                _read
 .text          0x000009a4       0x1c /usr/lib/gcc/arm-none-eabi/13.2.1/../../../arm-none-eabi/lib/thumb/v7-m/nofp/libnosys.a(sbrk.o)
                0x000009a4                _sbrk
 .text          0x000009c0       0x10 /usr/lib/gcc/arm-none-eabi/13.2.1/../../../arm-none-eabi/lib/thumb/v7-m/nofp/libnosys.a(write.o)
                0x000009c0                _write
 *(.rodata*)
 .rodata.prvTaskIsTaskSuspended.str1.1
                0x000009d0      0x127 ./out/tasks.o
                                  0x8 (size before relaxing)
 .rodata.vTaskStartScheduler.str1.1
                0x00000af7        0x5 ./out/tasks.o
 *fill*         0x00000af7        0x1 
 .rodata.uxTopUsedPriority
                0x00000af8        0x4 ./out/tasks.o
 .rodata.prvNotifyQueueSetContainer.str1.1
                0x00000afc        0x8 ./out/queue.o
 .rodata.prvTimerTask.str1.1
                0x00000afc        0x9 ./out/timers.o
 .rodata.prvCheckForValidListAndQueue.str1.1
                0x00000afc        0x5 ./out/timers.o
 .rodata.xTimerCreateTimerTask.str1.1
                0x00000afc        0x8 ./out/timers.o
 .rodata.pvPortMalloc.str1.1
                0x00000afc        0x9 ./out/heap_4.o
 .rodata.prvTaskExitError.str1.1
                0x00000afc        0x7 ./out/port.o
 .rodata.prvQueueReceiveTask.str1.1
                0x00000afc       0x59 ./out/main.o
 .rodata.main_blinky.str1.1
                0x00000afc        0xc ./out/main.o
 .rodata.vApplicationMallocFailedHook.str1.1
                0x00000afc       0x14 ./out/main.o
 .rodata.vApplicationStackOverflowHook.str1.1
                0x00000afc       0x1b ./out/main.o
 .rodata.vAssertCalled.str1.1
                0x00000afc       0x1b ./out/main.o
 .rodata.tiny_print.str1.1
                0x00000afc        0x7 ./out/startup_gcc.o
 .rodata.prvGetRegistersFromStack.str1.1
                0x00000afc       0x36 ./out/startup_gcc.o
 *(.constdata*)
                0x00000afc                        _etext = .
                0x00000afc                        _sidata = .

.glue_7         0x00000afc        0x0
 .glue_7        0x00000afc        0x0 linker stubs

.glue_7t        0x00000afc        0x0
 .glue_7t       0x00000afc        0x0 linker stubs

.vfp11_veneer   0x00000afc        0x0
 .vfp11_veneer  0x00000afc        0x0 linker stubs

.v4_bx          0x00000afc        0x0
 .v4_bx         0x00000afc        0x0 linker stubs

.text.prvAddNewTaskToReadyList
                0x00000afc      0x10c
 .text.prvAddNewTaskToReadyList
                0x00000afc      0x10c ./out/tasks.o

.text.prvAddCurrentTaskToDelayedList
                0x00000c08       0xb4
 .text.prvAddCurrentTaskToDelayedList
                0x00000c08       0xb4 ./out/tasks.o

.text.prvResetNextTaskUnblockTime
                0x00000cbc       0x24
 .text.prvResetNextTaskUnblockTime
                0x00000cbc       0x24 ./out/tasks.o

.text.prvDeleteTCB
                0x00000ce0       0x38
 .text.prvDeleteTCB
                0x00000ce0       0x38 ./out/tasks.o

.text.prvCheckTasksWaitingTermination
                0x00000d18       0x40
 .text.prvCheckTasksWaitingTermination
                0x00000d18       0x40 ./out/tasks.o

.text.prvIdleTask
                0x00000d58        0x8
 .text.prvIdleTask
                0x00000d58        0x8 ./out/tasks.o

.text.prvInitialiseNewTask.constprop.0
                0x00000d60       0x90
 .text.prvInitialiseNewTask.constprop.0
                0x00000d60       0x90 ./out/tasks.o

.text.xTaskCreateStatic
                0x00000df0       0x8c
 .text.xTaskCreateStatic
                0x00000df0       0x8c ./out/tasks.o
                0x00000df0                xTaskCreateStatic

.text.xTaskCreate
                0x00000e7c       0x62
 .text.xTaskCreate
                0x00000e7c       0x62 ./out/tasks.o
                0x00000e7c                xTaskCreate

.text.vTaskStartScheduler
                0x00000ee0       0xac
 .text.vTaskStartScheduler
                0x00000ee0       0xac ./out/tasks.o
                0x00000ee0                vTaskStartScheduler

.text.vTaskSuspendAll
                0x00000f8c       0x10
 .text.vTaskSuspendAll
                0x00000f8c       0x10 ./out/tasks.o
                0x00000f8c                vTaskSuspendAll

.text.xTaskGetTickCount
                0x00000f9c        0xc
 .text.xTaskGetTickCount
                0x00000f9c        0xc ./out/tasks.o
                0x00000f9c                xTaskGetTickCount

.text.uxTaskGetNumberOfTasks
                0x00000fa8        0xc
 .text.uxTaskGetNumberOfTasks
                0x00000fa8        0xc ./out/tasks.o
                0x00000fa8                uxTaskGetNumberOfTasks

.text.xTaskIncrementTick
                0x00000fb4      0x18c
 .text.xTaskIncrementTick
                0x00000fb4      0x18c ./out/tasks.o
                0x00000fb4                xTaskIncrementTick

.text.xTaskResumeAll
                0x00001140      0x15c
 .text.xTaskResumeAll
                0x00001140      0x15c ./out/tasks.o
                0x00001140                xTaskResumeAll

.text.xTaskDelayUntil
                0x0000129c       0x8c
 .text.xTaskDelayUntil
                0x0000129c       0x8c ./out/tasks.o
                0x0000129c                xTaskDelayUntil

.text.vTaskSwitchContext
                0x00001328       0xb4
 .text.vTaskSwitchContext
                0x00001328       0xb4 ./out/tasks.o
                0x00001328                vTaskSwitchContext

.text.vTaskPlaceOnEventList
                0x000013dc       0x34
 .text.vTaskPlaceOnEventList
                0x000013dc       0x34 ./out/tasks.o
                0x000013dc                vTaskPlaceOnEventList

.text.vTaskPlaceOnEventListRestricted
                0x00001410       0x5c
 .text.vTaskPlaceOnEventListRestricted
                0x00001410       0x5c ./out/tasks.o
                0x00001410                vTaskPlaceOnEventListRestricted

.text.xTaskRemoveFromEventList
                0x0000146c       0xc8
 .text.xTaskRemoveFromEventList
                0x0000146c       0xc8 ./out/tasks.o
                0x0000146c                xTaskRemoveFromEventList

.text.vTaskInternalSetTimeOutState
                0x00001534       0x18
 .text.vTaskInternalSetTimeOutState
                0x00001534       0x18 ./out/tasks.o
                0x00001534                vTaskInternalSetTimeOutState

.text.xTaskCheckForTimeOut
                0x0000154c       0x84
 .text.xTaskCheckForTimeOut
                0x0000154c       0x84 ./out/tasks.o
                0x0000154c                xTaskCheckForTimeOut

.text.vTaskMissedYield
                0x000015d0        0xc
 .text.vTaskMissedYield
                0x000015d0        0xc ./out/tasks.o
                0x000015d0                vTaskMissedYield

.text.xTaskGetSchedulerState
                0x000015dc       0x20
 .text.xTaskGetSchedulerState
                0x000015dc       0x20 ./out/tasks.o
                0x000015dc                xTaskGetSchedulerState

.text.xTaskPriorityDisinherit
                0x000015fc       0x9c
 .text.xTaskPriorityDisinherit
                0x000015fc       0x9c ./out/tasks.o
                0x000015fc                xTaskPriorityDisinherit

.iplt           0x00001698        0x0
 .iplt          0x00001698        0x0 ./out/tasks.o

.text.vListInitialise
                0x00001698       0x16
 .text.vListInitialise
                0x00001698       0x16 ./out/list.o
                0x00001698                vListInitialise

.text.vListInitialiseItem
                0x000016ae        0x6
 .text.vListInitialiseItem
                0x000016ae        0x6 ./out/list.o
                0x000016ae                vListInitialiseItem

.text.vListInsert
                0x000016b4       0x2e
 .text.vListInsert
                0x000016b4       0x2e ./out/list.o
                0x000016b4                vListInsert

.text.uxListRemove
                0x000016e2       0x1e
 .text.uxListRemove
                0x000016e2       0x1e ./out/list.o
                0x000016e2                uxListRemove

.text.prvIsQueueEmpty
                0x00001700       0x16
 .text.prvIsQueueEmpty
                0x00001700       0x16 ./out/queue.o

.text.prvCopyDataToQueue
                0x00001716       0x66
 .text.prvCopyDataToQueue
                0x00001716       0x66 ./out/queue.o

.text.prvCopyDataFromQueue
                0x0000177c       0x28
 .text.prvCopyDataFromQueue
                0x0000177c       0x28 ./out/queue.o

.text.prvNotifyQueueSetContainer
                0x000017a4       0x84
 .text.prvNotifyQueueSetContainer
                0x000017a4       0x84 ./out/queue.o

.text.prvUnlockQueue
                0x00001828       0x78
 .text.prvUnlockQueue
                0x00001828       0x78 ./out/queue.o

.text.xQueueGenericReset
                0x000018a0       0x98
 .text.xQueueGenericReset
                0x000018a0       0x98 ./out/queue.o
                0x000018a0                xQueueGenericReset

.text.xQueueGenericCreateStatic
                0x00001938       0x70
 .text.xQueueGenericCreateStatic
                0x00001938       0x70 ./out/queue.o
                0x00001938                xQueueGenericCreateStatic

.text.xQueueGenericCreate
                0x000019a8       0x58
 .text.xQueueGenericCreate
                0x000019a8       0x58 ./out/queue.o
                0x000019a8                xQueueGenericCreate

.text.xQueueGenericSend
                0x00001a00      0x158
 .text.xQueueGenericSend
                0x00001a00      0x158 ./out/queue.o
                0x00001a00                xQueueGenericSend

.text.xQueueGenericSendFromISR
                0x00001b58       0xdc
 .text.xQueueGenericSendFromISR
                0x00001b58       0xdc ./out/queue.o
                0x00001b58                xQueueGenericSendFromISR

.text.xQueueReceive
                0x00001c34      0x124
 .text.xQueueReceive
                0x00001c34      0x124 ./out/queue.o
                0x00001c34                xQueueReceive

.text.xQueueReceiveFromISR
                0x00001d58       0xa8
 .text.xQueueReceiveFromISR
                0x00001d58       0xa8 ./out/queue.o
                0x00001d58                xQueueReceiveFromISR

.text.xQueueIsQueueFullFromISR
                0x00001e00       0x20
 .text.xQueueIsQueueFullFromISR
                0x00001e00       0x20 ./out/queue.o
                0x00001e00                xQueueIsQueueFullFromISR

.text.vQueueAddToRegistry
                0x00001e20       0x50
 .text.vQueueAddToRegistry
                0x00001e20       0x50 ./out/queue.o
                0x00001e20                vQueueAddToRegistry

.text.vQueueWaitForMessageRestricted
                0x00001e70       0x46
 .text.vQueueWaitForMessageRestricted
                0x00001e70       0x46 ./out/queue.o
                0x00001e70                vQueueWaitForMessageRestricted

.text.prvInsertTimerInActiveList
                0x00001eb8       0x3c
 .text.prvInsertTimerInActiveList
                0x00001eb8       0x3c ./out/timers.o

.text.prvReloadTimer
                0x00001ef4       0x26
 .text.prvReloadTimer
                0x00001ef4       0x26 ./out/timers.o

.text.prvProcessExpiredTimer
                0x00001f1c       0x40
 .text.prvProcessExpiredTimer
                0x00001f1c       0x40 ./out/timers.o

.text.prvSampleTimeNow
                0x00001f5c       0x4c
 .text.prvSampleTimeNow
                0x00001f5c       0x4c ./out/timers.o

.text.prvTimerTask
                0x00001fa8      0x180
 .text.prvTimerTask
                0x00001fa8      0x180 ./out/timers.o

.text.prvCheckForValidListAndQueue
                0x00002128       0x68
 .text.prvCheckForValidListAndQueue
                0x00002128       0x68 ./out/timers.o

.text.xTimerCreateTimerTask
                0x00002190       0x64
 .text.xTimerCreateTimerTask
                0x00002190       0x64 ./out/timers.o
                0x00002190                xTimerCreateTimerTask

.text.xTimerCreate
                0x000021f4       0x58
 .text.xTimerCreate
                0x000021f4       0x58 ./out/timers.o
                0x000021f4                xTimerCreate

.text.xTimerGenericCommandFromTask
                0x0000224c       0x48
 .text.xTimerGenericCommandFromTask
                0x0000224c       0x48 ./out/timers.o
                0x0000224c                xTimerGenericCommandFromTask

.text.pvPortMalloc
                0x00002294      0x194
 .text.pvPortMalloc
                0x00002294      0x194 ./out/heap_4.o
                0x00002294                pvPortMalloc

.text.vPortFree
                0x00002428       0xf8
 .text.vPortFree
                0x00002428       0xf8 ./out/heap_4.o
                0x00002428                vPortFree

.text.vPortSVCHandler
                0x00002520       0x24
 .text.vPortSVCHandler
                0x00002520       0x24 ./out/port.o
                0x00002520                vPortSVCHandler

.text.prvPortStartFirstTask
                0x00002544       0x20
 .text.prvPortStartFirstTask
                0x00002544       0x20 ./out/port.o

.text.xPortPendSVHandler
                0x00002564       0x44
 .text.xPortPendSVHandler
                0x00002564       0x44 ./out/port.o
                0x00002564                xPortPendSVHandler

.text.prvTaskExitError
                0x000025a8       0x3c
 .text.prvTaskExitError
                0x000025a8       0x3c ./out/port.o

.text.pxPortInitialiseStack
                0x000025e4       0x24
 .text.pxPortInitialiseStack
                0x000025e4       0x24 ./out/port.o
                0x000025e4                pxPortInitialiseStack

.text.vPortEnterCritical
                0x00002608       0x3c
 .text.vPortEnterCritical
                0x00002608       0x3c ./out/port.o
                0x00002608                vPortEnterCritical

.text.vPortExitCritical
                0x00002644       0x28
 .text.vPortExitCritical
                0x00002644       0x28 ./out/port.o
                0x00002644                vPortExitCritical

.text.xPortSysTickHandler
                0x0000266c       0x2c
 .text.xPortSysTickHandler
                0x0000266c       0x2c ./out/port.o
                0x0000266c                xPortSysTickHandler

.text.vPortSetupTimerInterrupt
                0x00002698       0x16
 .text.vPortSetupTimerInterrupt
                0x00002698       0x16 ./out/port.o
                0x00002698                vPortSetupTimerInterrupt

.text.xPortStartScheduler
                0x000026b0      0x10c
 .text.xPortStartScheduler
                0x000026b0      0x10c ./out/port.o
                0x000026b0                xPortStartScheduler

.text.vPortValidateInterruptPriority
                0x000027bc       0x54
 .text.vPortValidateInterruptPriority
                0x000027bc       0x54 ./out/port.o
                0x000027bc                vPortValidateInterruptPriority

.text.prvRecordValue_NormallyFull
                0x00002810       0x28
 .text.prvRecordValue_NormallyFull
                0x00002810       0x28 ./out/IntQueue.o

.text.prvRecordValue_NormallyEmpty
                0x00002838       0x28
 .text.prvRecordValue_NormallyEmpty
                0x00002838       0x28 ./out/IntQueue.o

.text.xFirstTimerHandler
                0x00002860      0x138
 .text.xFirstTimerHandler
                0x00002860      0x138 ./out/IntQueue.o
                0x00002860                xFirstTimerHandler

.text.xSecondTimerHandler
                0x00002998      0x1e8
 .text.xSecondTimerHandler
                0x00002998      0x1e8 ./out/IntQueue.o
                0x00002998                xSecondTimerHandler

.text.TIMER0_Handler
                0x00002b80       0x3c
 .text.TIMER0_Handler
                0x00002b80       0x3c ./out/IntQueueTimer.o
                0x00002b80                TIMER0_Handler

.text.TIMER1_Handler
                0x00002bbc       0x3c
 .text.TIMER1_Handler
                0x00002bbc       0x3c ./out/IntQueueTimer.o
                0x00002bbc                TIMER1_Handler

.text.prvQueueSendTimerCallback
                0x00002bf8       0x20
 .text.prvQueueSendTimerCallback
                0x00002bf8       0x20 ./out/main.o

.text.prvQueueSendTask
                0x00002c18       0x28
 .text.prvQueueSendTask
                0x00002c18       0x28 ./out/main.o

.text.prvQueueReceiveTask
                0x00002c40       0x3c
 .text.prvQueueReceiveTask
                0x00002c40       0x3c ./out/main.o

.text.main_blinky
                0x00002c7c       0x80
 .text.main_blinky
                0x00002c7c       0x80 ./out/main.o
                0x00002c7c                main_blinky

.text.startup.main
                0x00002cfc       0x12
 .text.startup.main
                0x00002cfc       0x12 ./out/main.o
                0x00002cfc                main

.text.vApplicationMallocFailedHook
                0x00002d10       0x20
 .text.vApplicationMallocFailedHook
                0x00002d10       0x20 ./out/main.o
                0x00002d10                vApplicationMallocFailedHook

.text.vApplicationStackOverflowHook
                0x00002d30       0x20
 .text.vApplicationStackOverflowHook
                0x00002d30       0x20 ./out/main.o
                0x00002d30                vApplicationStackOverflowHook

.text.vAssertCalled
                0x00002d50       0x2c
 .text.vAssertCalled
                0x00002d50       0x2c ./out/main.o
                0x00002d50                vAssertCalled

.text.vApplicationGetIdleTaskMemory
                0x00002d7c       0x18
 .text.vApplicationGetIdleTaskMemory
                0x00002d7c       0x18 ./out/main.o
                0x00002d7c                vApplicationGetIdleTaskMemory

.text.vApplicationGetTimerTaskMemory
                0x00002d94       0x18
 .text.vApplicationGetTimerTaskMemory
                0x00002d94       0x18 ./out/main.o
                0x00002d94                vApplicationGetTimerTaskMemory

.text.Default_Handler
                0x00002e00        0xc
 .text.Default_Handler
                0x00002e00        0xc ./out/startup_gcc.o

.text.HardFault_Handler
                0x00002f00       0x18
 .text.HardFault_Handler
                0x00002f00       0x18 ./out/startup_gcc.o

.text.Reset_Handler
                0x00002f18        0x4
 .text.Reset_Handler
                0x00002f18        0x4 ./out/startup_gcc.o
                0x00002f18                Reset_Handler

.text.printchar
                0x00002f1c       0x1e
 .text.printchar
                0x00002f1c       0x1e ./out/startup_gcc.o

.text.prints    0x00002f3a       0x8a
 .text.prints   0x00002f3a       0x8a ./out/startup_gcc.o

.text.printi    0x00002fc4       0xa0
 .text.printi   0x00002fc4       0xa0 ./out/startup_gcc.o

.text.tiny_print
                0x00003064      0x124
 .text.tiny_print
                0x00003064      0x124 ./out/startup_gcc.o

.text.printf    0x00003188       0x1e
 .text.printf   0x00003188       0x1e ./out/startup_gcc.o
                0x00003188                printf

.text.prvGetRegistersFromStack
                0x000031a8       0x6c
 .text.prvGetRegistersFromStack
                0x000031a8       0x6c ./out/startup_gcc.o
                0x000031a8                prvGetRegistersFromStack

.rel.dyn        0x00003214        0x0
 .rel.iplt      0x00003214        0x0 ./out/tasks.o

.ARM.exidx      0x00003214        0x8
 .ARM.exidx     0x00003214        0x8 /usr/lib/gcc/arm-none-eabi/13.2.1/../../../arm-none-eabi/lib/thumb/v7-m/nofp/libg_nano.a(libc_a-memcpy.o)

.data           0x20000000       0x5c
                0x20000000                        . = ALIGN (0x8)
                0x20000000                        _data = .
                0x20000000                        _sdata = .
 *(vtable)
 *(.data)
 .data          0x20000000       0x50 /usr/lib/gcc/arm-none-eabi/13.2.1/../../../arm-none-eabi/lib/thumb/v7-m/nofp/libg_nano.a(libc_a-impure.o)
                0x20000000                _impure_ptr
                0x20000004                _impure_data
 .data          0x20000050        0xc /usr/lib/gcc/arm-none-eabi/13.2.1/../../../arm-none-eabi/lib/thumb/v7-m/nofp/libg_nano.a(libc_a-findfp.o)
                0x20000050                __sglue
                0x2000005c                        _edata = .

.igot.plt       0x2000005c        0x0
 .igot.plt      0x2000005c        0x0 ./out/tasks.o

.data.uxCriticalNesting
                0x2000005c        0x4
 .data.uxCriticalNesting
                0x2000005c        0x4 ./out/port.o

.data.xErrorStatus
                0x20000060        0x4
 .data.xErrorStatus
                0x20000060        0x4 ./out/IntQueue.o

.bss            0x20000064      0x150
                0x20000068                        . = ALIGN (0x8)
 *fill*         0x20000064        0x4 
                0x20000068                        _bss = .
                0x20000068                        _sbss = .
 *(.bss)
 .bss           0x20000068      0x13c /usr/lib/gcc/arm-none-eabi/13.2.1/../../../arm-none-eabi/lib/thumb/v7-m/nofp/libg_nano.a(libc_a-findfp.o)
                0x20000068                __sf
                0x200001a0                __stdio_exit_handler
 .bss           0x200001a4        0x8 /usr/lib/gcc/arm-none-eabi/13.2.1/../../../arm-none-eabi/lib/thumb/v7-m/nofp/libg_nano.a(libc_a-mallocr.o)
                0x200001a4                __malloc_sbrk_start
                0x200001a8                __malloc_free_list
 .bss           0x200001ac        0x4 /usr/lib/gcc/arm-none-eabi/13.2.1/../../../arm-none-eabi/lib/thumb/v7-m/nofp/libg_nano.a(libc_a-reent.o)
                0x200001ac                errno
 .bss           0x200001b0        0x4 /usr/lib/gcc/arm-none-eabi/13.2.1/../../../arm-none-eabi/lib/thumb/v7-m/nofp/libnosys.a(sbrk.o)
                0x200001b4                        _ebss = .

.bss.uxSchedulerSuspended
                0x200001b4        0x4
 .bss.uxSchedulerSuspended
                0x200001b4        0x4 ./out/tasks.o

.bss.xIdleTaskHandles
                0x200001b8        0x4
 .bss.xIdleTaskHandles
                0x200001b8        0x4 ./out/tasks.o

.bss.xNextTaskUnblockTime
                0x200001bc        0x4
 .bss.xNextTaskUnblockTime
                0x200001bc        0x4 ./out/tasks.o

.bss.uxTaskNumber
                0x200001c0        0x4
 .bss.uxTaskNumber
                0x200001c0        0x4 ./out/tasks.o

.bss.xNumOfOverflows
                0x200001c4        0x4
 .bss.xNumOfOverflows
                0x200001c4        0x4 ./out/tasks.o

.bss.xYieldPendings
                0x200001c8        0x4
 .bss.xYieldPendings
                0x200001c8        0x4 ./out/tasks.o

.bss.xPendedTicks
                0x200001cc        0x4
 .bss.xPendedTicks
                0x200001cc        0x4 ./out/tasks.o

.bss.xSchedulerRunning
                0x200001d0        0x4
 .bss.xSchedulerRunning
                0x200001d0        0x4 ./out/tasks.o

.bss.uxTopReadyPriority
                0x200001d4        0x4
 .bss.uxTopReadyPriority
                0x200001d4        0x4 ./out/tasks.o

.bss.xTickCount
                0x200001d8        0x4
 .bss.xTickCount
                0x200001d8        0x4 ./out/tasks.o

.bss.uxCurrentNumberOfTasks
                0x200001dc        0x4
 .bss.uxCurrentNumberOfTasks
                0x200001dc        0x4 ./out/tasks.o

.bss.xSuspendedTaskList
                0x200001e0       0x14
 .bss.xSuspendedTaskList
                0x200001e0       0x14 ./out/tasks.o

.bss.uxDeletedTasksWaitingCleanUp
                0x200001f4        0x4
 .bss.uxDeletedTasksWaitingCleanUp
                0x200001f4        0x4 ./out/tasks.o

.bss.xTasksWaitingTermination
                0x200001f8       0x14
 .bss.xTasksWaitingTermination
                0x200001f8       0x14 ./out/tasks.o

.bss.xPendingReadyList
                0x2000020c       0x14
 .bss.xPendingReadyList
                0x2000020c       0x14 ./out/tasks.o

.bss.pxOverflowDelayedTaskList
                0x20000220        0x4
 .bss.pxOverflowDelayedTaskList
                0x20000220        0x4 ./out/tasks.o

.bss.pxDelayedTaskList
                0x20000224        0x4
 .bss.pxDelayedTaskList
                0x20000224        0x4 ./out/tasks.o

.bss.xDelayedTaskList2
                0x20000228       0x14
 .bss.xDelayedTaskList2
                0x20000228       0x14 ./out/tasks.o

.bss.xDelayedTaskList1
                0x2000023c       0x14
 .bss.xDelayedTaskList1
                0x2000023c       0x14 ./out/tasks.o

.bss.pxReadyTasksLists
                0x20000250       0xb4
 .bss.pxReadyTasksLists
                0x20000250       0xb4 ./out/tasks.o

.bss.pxCurrentTCB
                0x20000304        0x4
 .bss.pxCurrentTCB
                0x20000304        0x4 ./out/tasks.o
                0x20000304                pxCurrentTCB

.bss.xQueueRegistry
                0x20000308       0x50
 .bss.xQueueRegistry
                0x20000308       0x50 ./out/queue.o
                0x20000308                xQueueRegistry

.bss.xStaticTimerQueue.0
                0x20000358       0x4c
 .bss.xStaticTimerQueue.0
                0x20000358       0x4c ./out/timers.o

.bss.ucStaticTimerQueueStorage.1
                0x200003a4      0x140
 .bss.ucStaticTimerQueueStorage.1
                0x200003a4      0x140 ./out/timers.o

.bss.xLastTime.2
                0x200004e4        0x4
 .bss.xLastTime.2
                0x200004e4        0x4 ./out/timers.o

.bss.xTimerTaskHandle
                0x200004e8        0x4
 .bss.xTimerTaskHandle
                0x200004e8        0x4 ./out/timers.o

.bss.xTimerQueue
                0x200004ec        0x4
 .bss.xTimerQueue
                0x200004ec        0x4 ./out/timers.o

.bss.pxOverflowTimerList
                0x200004f0        0x4
 .bss.pxOverflowTimerList
                0x200004f0        0x4 ./out/timers.o

.bss.pxCurrentTimerList
                0x200004f4        0x4
 .bss.pxCurrentTimerList
                0x200004f4        0x4 ./out/timers.o

.bss.xActiveTimerList2
                0x200004f8       0x14
 .bss.xActiveTimerList2
                0x200004f8       0x14 ./out/timers.o

.bss.xActiveTimerList1
                0x2000050c       0x14
 .bss.xActiveTimerList1
                0x2000050c       0x14 ./out/timers.o

.bss.xNumberOfSuccessfulFrees
                0x20000520        0x4
 .bss.xNumberOfSuccessfulFrees
                0x20000520        0x4 ./out/heap_4.o

.bss.xNumberOfSuccessfulAllocations
                0x20000524        0x4
 .bss.xNumberOfSuccessfulAllocations
                0x20000524        0x4 ./out/heap_4.o

.bss.xMinimumEverFreeBytesRemaining
                0x20000528        0x4
 .bss.xMinimumEverFreeBytesRemaining
                0x20000528        0x4 ./out/heap_4.o

.bss.xFreeBytesRemaining
                0x2000052c        0x4
 .bss.xFreeBytesRemaining
                0x2000052c        0x4 ./out/heap_4.o

.bss.pxEnd      0x20000530        0x4
 .bss.pxEnd     0x20000530        0x4 ./out/heap_4.o

.bss.xStart     0x20000534        0x8
 .bss.xStart    0x20000534        0x8 ./out/heap_4.o

.bss.ucHeap     0x2000053c     0xf000
 .bss.ucHeap    0x2000053c     0xf000 ./out/heap_4.o

.bss.ulMaxPRIGROUPValue
                0x2000f53c        0x4
 .bss.ulMaxPRIGROUPValue
                0x2000f53c        0x4 ./out/port.o

.bss.ucMaxSysCallPriority
                0x2000f540        0x1
 .bss.ucMaxSysCallPriority
                0x2000f540        0x1 ./out/port.o

.bss.uxNextOperation.4
                0x2000f544        0x4
 .bss.uxNextOperation.4
                0x2000f544        0x4 ./out/IntQueue.o

.bss.uxNextOperation.5
                0x2000f548        0x4
 .bss.uxNextOperation.5
                0x2000f548        0x4 ./out/IntQueue.o

.bss.ucNormallyFullReceivedValues
                0x2000f54c       0xc8
 .bss.ucNormallyFullReceivedValues
                0x2000f54c       0xc8 ./out/IntQueue.o

.bss.ucNormallyEmptyReceivedValues
                0x2000f614       0xc8
 .bss.ucNormallyEmptyReceivedValues
                0x2000f614       0xc8 ./out/IntQueue.o

.bss.uxValueForNormallyFullQueue
                0x2000f6dc        0x4
 .bss.uxValueForNormallyFullQueue
                0x2000f6dc        0x4 ./out/IntQueue.o

.bss.uxValueForNormallyEmptyQueue
                0x2000f6e0        0x4
 .bss.uxValueForNormallyEmptyQueue
                0x2000f6e0        0x4 ./out/IntQueue.o

.bss.xErrorLine
                0x2000f6e4        0x4
 .bss.xErrorLine
                0x2000f6e4        0x4 ./out/IntQueue.o

.bss.xNormallyFullQueue
                0x2000f6e8        0x4
 .bss.xNormallyFullQueue
                0x2000f6e8        0x4 ./out/IntQueue.o

.bss.xNormallyEmptyQueue
                0x2000f6ec        0x4
 .bss.xNormallyEmptyQueue
                0x2000f6ec        0x4 ./out/IntQueue.o

.bss.ulNestCount
                0x2000f6f0        0x4
 .bss.ulNestCount
                0x2000f6f0        0x4 ./out/IntQueueTimer.o
                0x2000f6f0                ulNestCount

.bss.ulNest     0x2000f6f4        0x4
 .bss.ulNest    0x2000f6f4        0x4 ./out/IntQueueTimer.o
                0x2000f6f4                ulNest

.bss.uxTimerTaskStack.0
                0x2000f6f8      0x2c0
 .bss.uxTimerTaskStack.0
                0x2000f6f8      0x2c0 ./out/main.o

.bss.xTimerTaskTCB.1
                0x2000f9b8       0x5c
 .bss.xTimerTaskTCB.1
                0x2000f9b8       0x5c ./out/main.o

.bss.uxIdleTaskStack.2
                0x2000fa14      0x160
 .bss.uxIdleTaskStack.2
                0x2000fa14      0x160 ./out/main.o

.bss.xIdleTaskTCB.3
                0x2000fb74       0x5c
 .bss.xIdleTaskTCB.3
                0x2000fb74       0x5c ./out/main.o

.bss.xQueue     0x2000fbd0        0x4
 .bss.xQueue    0x2000fbd0        0x4 ./out/main.o

.bss.psr        0x2000fbd4        0x4
 .bss.psr       0x2000fbd4        0x4 ./out/startup_gcc.o
                0x2000fbd4                psr

.bss.pc         0x2000fbd8        0x4
 .bss.pc        0x2000fbd8        0x4 ./out/startup_gcc.o
                0x2000fbd8                pc

.bss.lr         0x2000fbdc        0x4
 .bss.lr        0x2000fbdc        0x4 ./out/startup_gcc.o
                0x2000fbdc                lr

.bss.r12        0x2000fbe0        0x4
 .bss.r12       0x2000fbe0        0x4 ./out/startup_gcc.o
                0x2000fbe0                r12

.bss.r3         0x2000fbe4        0x4
 .bss.r3        0x2000fbe4        0x4 ./out/startup_gcc.o
                0x2000fbe4                r3

.bss.r2         0x2000fbe8        0x4
 .bss.r2        0x2000fbe8        0x4 ./out/startup_gcc.o
                0x2000fbe8                r2

.bss.r1         0x2000fbec        0x4
 .bss.r1        0x2000fbec        0x4 ./out/startup_gcc.o
                0x2000fbec                r1

.bss.r0         0x2000fbf0        0x4
 .bss.r0        0x2000fbf0        0x4 ./out/startup_gcc.o
                0x2000fbf0                r0

.heap           0x2000fbf4      0x40c
                0x2000fbf8                        . = ALIGN (0x8)
 *fill*         0x2000fbf4        0x4 
                0x2000fbf8                        PROVIDE (end = .)
                [!provide]                        PROVIDE (_end = .)
                0x2000fbf8                        _heap_bottom = .
                0x2000fc00                        . = (. + _Min_Heap_Size)
 *fill*         0x2000fbf8        0x8 
                0x2000fc00                        _heap_top = .
                0x20010000                        . = (. + _Min_Stack_Size)
 *fill*         0x2000fc00      0x400 
                0x20010000                        . = ALIGN (0x8)
                0x20400000                        __StackTop = (ORIGIN (RAM) + LENGTH (RAM))
                0x203ffc00                        __StackLimit = (__StackTop - _Min_Stack_Size)
                [!provide]                        PROVIDE (__stack = __StackTop)
                0x00000001                        ASSERT ((__StackLimit >= _heap_top), region RAM overflowed with stack)
OUTPUT(./out/freertos-cortex-m3.out elf32-littlearm)
LOAD linker stubs

.debug_info     0x00000000    0x14dfd
 .debug_info    0x00000000     0x3e31 ./out/tasks.o
 .debug_info    0x00003e31      0x2b2 ./out/list.o
 .debug_info    0x000040e3     0x2e74 ./out/queue.o
 .debug_info    0x00006f57     0x1cae ./out/timers.o
 .debug_info    0x00008c05      0x742 ./out/heap_4.o
 .debug_info    0x00009347      0x5a1 ./out/port.o
 .debug_info    0x000098e8     0x15f8 ./out/IntQueue.o
 .debug_info    0x0000aee0      0x675 ./out/IntQueueTimer.o
 .debug_info    0x0000b555      0xa2d ./out/main.o
 .debug_info    0x0000bf82      0xea6 ./out/startup_gcc.o
 .debug_info    0x0000ce28      0x70b /usr/lib/gcc/arm-none-eabi/13.2.1/../../../arm-none-eabi/lib/thumb/v7-m/nofp/libg_nano.a(libc_a-impure.o)
 .debug_info    0x0000d533      0x135 /usr/lib/gcc/arm-none-eabi/13.2.1/../../../arm-none-eabi/lib/thumb/v7-m/nofp/libg_nano.a(libc_a-memset.o)
 .debug_info    0x0000d668      0xa30 /usr/lib/gcc/arm-none-eabi/13.2.1/../../../arm-none-eabi/lib/thumb/v7-m/nofp/libg_nano.a(libc_a-fflush.o)
 .debug_info    0x0000e098      0x87f /usr/lib/gcc/arm-none-eabi/13.2.1/../../../arm-none-eabi/lib/thumb/v7-m/nofp/libg_nano.a(libc_a-freer.o)
 .debug_info    0x0000e917      0x7c8 /usr/lib/gcc/arm-none-eabi/13.2.1/../../../arm-none-eabi/lib/thumb/v7-m/nofp/libg_nano.a(libc_a-fwalk.o)
 .debug_info    0x0000f0df       0x33 /usr/lib/gcc/arm-none-eabi/13.2.1/../../../arm-none-eabi/lib/thumb/v7-m/nofp/libg_nano.a(libc_a-memcpy.o)
 .debug_info    0x0000f112      0x71c /usr/lib/gcc/arm-none-eabi/13.2.1/../../../arm-none-eabi/lib/thumb/v7-m/nofp/libg_nano.a(libc_a-mlock.o)
 .debug_info    0x0000f82e      0xe8c /usr/lib/gcc/arm-none-eabi/13.2.1/../../../arm-none-eabi/lib/thumb/v7-m/nofp/libg_nano.a(libc_a-findfp.o)
 .debug_info    0x000106ba      0x9b6 /usr/lib/gcc/arm-none-eabi/13.2.1/../../../arm-none-eabi/lib/thumb/v7-m/nofp/libg_nano.a(libc_a-mallocr.o)
 .debug_info    0x00011070      0x778 /usr/lib/gcc/arm-none-eabi/13.2.1/../../../arm-none-eabi/lib/thumb/v7-m/nofp/libg_nano.a(libc_a-sbrkr.o)
 .debug_info    0x000117e8      0xa80 /usr/lib/gcc/arm-none-eabi/13.2.1/../../../arm-none-eabi/lib/thumb/v7-m/nofp/libg_nano.a(libc_a-stdio.o)
 .debug_info    0x00012268      0x752 /usr/lib/gcc/arm-none-eabi/13.2.1/../../../arm-none-eabi/lib/thumb/v7-m/nofp/libg_nano.a(libc_a-closer.o)
 .debug_info    0x000129ba      0x7b5 /usr/lib/gcc/arm-none-eabi/13.2.1/../../../arm-none-eabi/lib/thumb/v7-m/nofp/libg_nano.a(libc_a-readr.o)
 .debug_info    0x0001316f      0x89f /usr/lib/gcc/arm-none-eabi/13.2.1/../../../arm-none-eabi/lib/thumb/v7-m/nofp/libg_nano.a(libc_a-reent.o)
 .debug_info    0x00013a0e      0x79e /usr/lib/gcc/arm-none-eabi/13.2.1/../../../arm-none-eabi/lib/thumb/v7-m/nofp/libg_nano.a(libc_a-lseekr.o)
 .debug_info    0x000141ac      0x7bb /usr/lib/gcc/arm-none-eabi/13.2.1/../../../arm-none-eabi/lib/thumb/v7-m/nofp/libg_nano.a(libc_a-writer.o)
 .debug_info    0x00014967       0xde /usr/lib/gcc/arm-none-eabi/13.2.1/../../../arm-none-eabi/lib/thumb/v7-m/nofp/libnosys.a(close.o)
 .debug_info    0x00014a45      0x100 /usr/lib/gcc/arm-none-eabi/13.2.1/../../../arm-none-eabi/lib/thumb/v7-m/nofp/libnosys.a(lseek.o)
 .debug_info    0x00014b45      0x106 /usr/lib/gcc/arm-none-eabi/13.2.1/../../../arm-none-eabi/lib/thumb/v7-m/nofp/libnosys.a(read.o)
 .debug_info    0x00014c4b       0xac /usr/lib/gcc/arm-none-eabi/13.2.1/../../../arm-none-eabi/lib/thumb/v7-m/nofp/libnosys.a(sbrk.o)
 .debug_info    0x00014cf7      0x106 /usr/lib/gcc/arm-none-eabi/13.2.1/../../../arm-none-eabi/lib/thumb/v7-m/nofp/libnosys.a(write.o)

.debug_abbrev   0x00000000     0x4261
 .debug_abbrev  0x00000000      0x518 ./out/tasks.o
 .debug_abbrev  0x00000518      0x105 ./out/list.o
 .debug_abbrev  0x0000061d      0x443 ./out/queue.o
 .debug_abbrev  0x00000a60      0x474 ./out/timers.o
 .debug_abbrev  0x00000ed4      0x2e3 ./out/heap_4.o
 .debug_abbrev  0x000011b7      0x2c6 ./out/port.o
 .debug_abbrev  0x0000147d      0x322 ./out/IntQueue.o
 .debug_abbrev  0x0000179f      0x22a ./out/IntQueueTimer.o
 .debug_abbrev  0x000019c9      0x2ef ./out/main.o
 .debug_abbrev  0x00001cb8      0x499 ./out/startup_gcc.o
 .debug_abbrev  0x00002151      0x149 /usr/lib/gcc/arm-none-eabi/13.2.1/../../../arm-none-eabi/lib/thumb/v7-m/nofp/libg_nano.a(libc_a-impure.o)
 .debug_abbrev  0x0000229a       0xb7 /usr/lib/gcc/arm-none-eabi/13.2.1/../../../arm-none-eabi/lib/thumb/v7-m/nofp/libg_nano.a(libc_a-memset.o)
 .debug_abbrev  0x00002351      0x2e1 /usr/lib/gcc/arm-none-eabi/13.2.1/../../../arm-none-eabi/lib/thumb/v7-m/nofp/libg_nano.a(libc_a-fflush.o)
 .debug_abbrev  0x00002632      0x249 /usr/lib/gcc/arm-none-eabi/13.2.1/../../../arm-none-eabi/lib/thumb/v7-m/nofp/libg_nano.a(libc_a-freer.o)
 .debug_abbrev  0x0000287b      0x19b /usr/lib/gcc/arm-none-eabi/13.2.1/../../../arm-none-eabi/lib/thumb/v7-m/nofp/libg_nano.a(libc_a-fwalk.o)
 .debug_abbrev  0x00002a16       0x28 /usr/lib/gcc/arm-none-eabi/13.2.1/../../../arm-none-eabi/lib/thumb/v7-m/nofp/libg_nano.a(libc_a-memcpy.o)
 .debug_abbrev  0x00002a3e      0x192 /usr/lib/gcc/arm-none-eabi/13.2.1/../../../arm-none-eabi/lib/thumb/v7-m/nofp/libg_nano.a(libc_a-mlock.o)
 .debug_abbrev  0x00002bd0      0x408 /usr/lib/gcc/arm-none-eabi/13.2.1/../../../arm-none-eabi/lib/thumb/v7-m/nofp/libg_nano.a(libc_a-findfp.o)
 .debug_abbrev  0x00002fd8      0x24a /usr/lib/gcc/arm-none-eabi/13.2.1/../../../arm-none-eabi/lib/thumb/v7-m/nofp/libg_nano.a(libc_a-mallocr.o)
 .debug_abbrev  0x00003222      0x1da /usr/lib/gcc/arm-none-eabi/13.2.1/../../../arm-none-eabi/lib/thumb/v7-m/nofp/libg_nano.a(libc_a-sbrkr.o)
 .debug_abbrev  0x000033fc      0x224 /usr/lib/gcc/arm-none-eabi/13.2.1/../../../arm-none-eabi/lib/thumb/v7-m/nofp/libg_nano.a(libc_a-stdio.o)
 .debug_abbrev  0x00003620      0x1b0 /usr/lib/gcc/arm-none-eabi/13.2.1/../../../arm-none-eabi/lib/thumb/v7-m/nofp/libg_nano.a(libc_a-closer.o)
 .debug_abbrev  0x000037d0      0x1b0 /usr/lib/gcc/arm-none-eabi/13.2.1/../../../arm-none-eabi/lib/thumb/v7-m/nofp/libg_nano.a(libc_a-readr.o)
 .debug_abbrev  0x00003980      0x1ee /usr/lib/gcc/arm-none-eabi/13.2.1/../../../arm-none-eabi/lib/thumb/v7-m/nofp/libg_nano.a(libc_a-reent.o)
 .debug_abbrev  0x00003b6e      0x1c4 /usr/lib/gcc/arm-none-eabi/13.2.1/../../../arm-none-eabi/lib/thumb/v7-m/nofp/libg_nano.a(libc_a-lseekr.o)
 .debug_abbrev  0x00003d32      0x1b5 /usr/lib/gcc/arm-none-eabi/13.2.1/../../../arm-none-eabi/lib/thumb/v7-m/nofp/libg_nano.a(libc_a-writer.o)
 .debug_abbrev  0x00003ee7       0x96 /usr/lib/gcc/arm-none-eabi/13.2.1/../../../arm-none-eabi/lib/thumb/v7-m/nofp/libnosys.a(close.o)
 .debug_abbrev  0x00003f7d       0xbb /usr/lib/gcc/arm-none-eabi/13.2.1/../../../arm-none-eabi/lib/thumb/v7-m/nofp/libnosys.a(lseek.o)
 .debug_abbrev  0x00004038       0xc4 /usr/lib/gcc/arm-none-eabi/13.2.1/../../../arm-none-eabi/lib/thumb/v7-m/nofp/libnosys.a(read.o)
 .debug_abbrev  0x000040fc       0xa1 /usr/lib/gcc/arm-none-eabi/13.2.1/../../../arm-none-eabi/lib/thumb/v7-m/nofp/libnosys.a(sbrk.o)
 .debug_abbrev  0x0000419d       0xc4 /usr/lib/gcc/arm-none-eabi/13.2.1/../../../arm-none-eabi/lib/thumb/v7-m/nofp/libnosys.a(write.o)

.debug_loclists
                0x00000000     0x5f0a
 .debug_loclists
                0x00000000     0x1c26 ./out/tasks.o
 .debug_loclists
                0x00001c26       0x77 ./out/list.o
 .debug_loclists
                0x00001c9d     0x14cd ./out/queue.o
 .debug_loclists
                0x0000316a      0xc55 ./out/timers.o
 .debug_loclists
                0x00003dbf      0x392 ./out/heap_4.o
 .debug_loclists
                0x00004151       0xaf ./out/port.o
 .debug_loclists
                0x00004200      0x359 ./out/IntQueue.o
 .debug_loclists
                0x00004559       0x6c ./out/IntQueueTimer.o
 .debug_loclists
                0x000045c5      0x18a ./out/main.o
 .debug_loclists
                0x0000474f      0x6b4 ./out/startup_gcc.o
 .debug_loclists
                0x00004e03      0x1d7 /usr/lib/gcc/arm-none-eabi/13.2.1/../../../arm-none-eabi/lib/thumb/v7-m/nofp/libg_nano.a(libc_a-memset.o)
 .debug_loclists
                0x00004fda      0x2f2 /usr/lib/gcc/arm-none-eabi/13.2.1/../../../arm-none-eabi/lib/thumb/v7-m/nofp/libg_nano.a(libc_a-fflush.o)
 .debug_loclists
                0x000052cc      0x164 /usr/lib/gcc/arm-none-eabi/13.2.1/../../../arm-none-eabi/lib/thumb/v7-m/nofp/libg_nano.a(libc_a-freer.o)
 .debug_loclists
                0x00005430       0x79 /usr/lib/gcc/arm-none-eabi/13.2.1/../../../arm-none-eabi/lib/thumb/v7-m/nofp/libg_nano.a(libc_a-fwalk.o)
 .debug_loclists
                0x000054a9      0x1d0 /usr/lib/gcc/arm-none-eabi/13.2.1/../../../arm-none-eabi/lib/thumb/v7-m/nofp/libg_nano.a(libc_a-findfp.o)
 .debug_loclists
                0x00005679      0x273 /usr/lib/gcc/arm-none-eabi/13.2.1/../../../arm-none-eabi/lib/thumb/v7-m/nofp/libg_nano.a(libc_a-mallocr.o)
 .debug_loclists
                0x000058ec       0x4b /usr/lib/gcc/arm-none-eabi/13.2.1/../../../arm-none-eabi/lib/thumb/v7-m/nofp/libg_nano.a(libc_a-sbrkr.o)
 .debug_loclists
                0x00005937      0x23b /usr/lib/gcc/arm-none-eabi/13.2.1/../../../arm-none-eabi/lib/thumb/v7-m/nofp/libg_nano.a(libc_a-stdio.o)
 .debug_loclists
                0x00005b72       0x4b /usr/lib/gcc/arm-none-eabi/13.2.1/../../../arm-none-eabi/lib/thumb/v7-m/nofp/libg_nano.a(libc_a-closer.o)
 .debug_loclists
                0x00005bbd       0x97 /usr/lib/gcc/arm-none-eabi/13.2.1/../../../arm-none-eabi/lib/thumb/v7-m/nofp/libg_nano.a(libc_a-readr.o)
 .debug_loclists
                0x00005c54       0x80 /usr/lib/gcc/arm-none-eabi/13.2.1/../../../arm-none-eabi/lib/thumb/v7-m/nofp/libg_nano.a(libc_a-reent.o)
 .debug_loclists
                0x00005cd4       0x97 /usr/lib/gcc/arm-none-eabi/13.2.1/../../../arm-none-eabi/lib/thumb/v7-m/nofp/libg_nano.a(libc_a-lseekr.o)
 .debug_loclists
                0x00005d6b       0x97 /usr/lib/gcc/arm-none-eabi/13.2.1/../../../arm-none-eabi/lib/thumb/v7-m/nofp/libg_nano.a(libc_a-writer.o)
 .debug_loclists
                0x00005e02       0x24 /usr/lib/gcc/arm-none-eabi/13.2.1/../../../arm-none-eabi/lib/thumb/v7-m/nofp/libnosys.a(close.o)
 .debug_loclists
                0x00005e26       0x3c /usr/lib/gcc/arm-none-eabi/13.2.1/../../../arm-none-eabi/lib/thumb/v7-m/nofp/libnosys.a(lseek.o)
 .debug_loclists
                0x00005e62       0x3c /usr/lib/gcc/arm-none-eabi/13.2.1/../../../arm-none-eabi/lib/thumb/v7-m/nofp/libnosys.a(read.o)
 .debug_loclists
                0x00005e9e       0x30 /usr/lib/gcc/arm-none-eabi/13.2.1/../../../arm-none-eabi/lib/thumb/v7-m/nofp/libnosys.a(sbrk.o)
 .debug_loclists
                0x00005ece       0x3c /usr/lib/gcc/arm-none-eabi/13.2.1/../../../arm-none-eabi/lib/thumb/v7-m/nofp/libnosys.a(write.o)

.debug_aranges  0x00000000      0x9b8
 .debug_aranges
                0x00000000      0x220 ./out/tasks.o
 .debug_aranges
                0x00000220       0x40 ./out/list.o
 .debug_aranges
                0x00000260      0x170 ./out/queue.o
 .debug_aranges
                0x000003d0       0xe0 ./out/timers.o
 .debug_aranges
                0x000004b0       0x60 ./out/heap_4.o
 .debug_aranges
                0x00000510       0x78 ./out/port.o
 .debug_aranges
                0x00000588       0x70 ./out/IntQueue.o
 .debug_aranges
                0x000005f8       0x30 ./out/IntQueueTimer.o
 .debug_aranges
                0x00000628       0x80 ./out/main.o
 .debug_aranges
                0x000006a8       0x78 ./out/startup_gcc.o
 .debug_aranges
                0x00000720       0x18 /usr/lib/gcc/arm-none-eabi/13.2.1/../../../arm-none-eabi/lib/thumb/v7-m/nofp/libg_nano.a(libc_a-impure.o)
 .debug_aranges
                0x00000738       0x20 /usr/lib/gcc/arm-none-eabi/13.2.1/../../../arm-none-eabi/lib/thumb/v7-m/nofp/libg_nano.a(libc_a-memset.o)
 .debug_aranges
                0x00000758       0x20 /usr/lib/gcc/arm-none-eabi/13.2.1/../../../arm-none-eabi/lib/thumb/v7-m/nofp/libg_nano.a(libc_a-fflush.o)
 .debug_aranges
                0x00000778       0x20 /usr/lib/gcc/arm-none-eabi/13.2.1/../../../arm-none-eabi/lib/thumb/v7-m/nofp/libg_nano.a(libc_a-freer.o)
 .debug_aranges
                0x00000798       0x20 /usr/lib/gcc/arm-none-eabi/13.2.1/../../../arm-none-eabi/lib/thumb/v7-m/nofp/libg_nano.a(libc_a-fwalk.o)
 .debug_aranges
                0x000007b8       0x20 /usr/lib/gcc/arm-none-eabi/13.2.1/../../../arm-none-eabi/lib/thumb/v7-m/nofp/libg_nano.a(libc_a-memcpy.o)
 .debug_aranges
                0x000007d8       0x20 /usr/lib/gcc/arm-none-eabi/13.2.1/../../../arm-none-eabi/lib/thumb/v7-m/nofp/libg_nano.a(libc_a-mlock.o)
 .debug_aranges
                0x000007f8       0x20 /usr/lib/gcc/arm-none-eabi/13.2.1/../../../arm-none-eabi/lib/thumb/v7-m/nofp/libg_nano.a(libc_a-findfp.o)
 .debug_aranges
                0x00000818       0x20 /usr/lib/gcc/arm-none-eabi/13.2.1/../../../arm-none-eabi/lib/thumb/v7-m/nofp/libg_nano.a(libc_a-mallocr.o)
 .debug_aranges
                0x00000838       0x20 /usr/lib/gcc/arm-none-eabi/13.2.1/../../../arm-none-eabi/lib/thumb/v7-m/nofp/libg_nano.a(libc_a-sbrkr.o)
 .debug_aranges
                0x00000858       0x20 /usr/lib/gcc/arm-none-eabi/13.2.1/../../../arm-none-eabi/lib/thumb/v7-m/nofp/libg_nano.a(libc_a-stdio.o)
 .debug_aranges
                0x00000878       0x20 /usr/lib/gcc/arm-none-eabi/13.2.1/../../../arm-none-eabi/lib/thumb/v7-m/nofp/libg_nano.a(libc_a-closer.o)
 .debug_aranges
                0x00000898       0x20 /usr/lib/gcc/arm-none-eabi/13.2.1/../../../arm-none-eabi/lib/thumb/v7-m/nofp/libg_nano.a(libc_a-readr.o)
 .debug_aranges
                0x000008b8       0x20 /usr/lib/gcc/arm-none-eabi/13.2.1/../../../arm-none-eabi/lib/thumb/v7-m/nofp/libg_nano.a(libc_a-reent.o)
 .debug_aranges
                0x000008d8       0x20 /usr/lib/gcc/arm-none-eabi/13.2.1/../../../arm-none-eabi/lib/thumb/v7-m/nofp/libg_nano.a(libc_a-lseekr.o)
 .debug_aranges
                0x000008f8       0x20 /usr/lib/gcc/arm-none-eabi/13.2.1/../../../arm-none-eabi/lib/thumb/v7-m/nofp/libg_nano.a(libc_a-writer.o)
 .debug_aranges
                0x00000918       0x20 /usr/lib/gcc/arm-none-eabi/13.2.1/../../../arm-none-eabi/lib/thumb/v7-m/nofp/libnosys.a(close.o)
 .debug_aranges
                0x00000938       0x20 /usr/lib/gcc/arm-none-eabi/13.2.1/../../../arm-none-eabi/lib/thumb/v7-m/nofp/libnosys.a(lseek.o)
 .debug_aranges
                0x00000958       0x20 /usr/lib/gcc/arm-none-eabi/13.2.1/../../../arm-none-eabi/lib/thumb/v7-m/nofp/libnosys.a(read.o)
 .debug_aranges
                0x00000978       0x20 /usr/lib/gcc/arm-none-eabi/13.2.1/../../../arm-none-eabi/lib/thumb/v7-m/nofp/libnosys.a(sbrk.o)
 .debug_aranges
                0x00000998       0x20 /usr/lib/gcc/arm-none-eabi/13.2.1/../../../arm-none-eabi/lib/thumb/v7-m/nofp/libnosys.a(write.o)

.debug_rnglists
                0x00000000      0x9ac
 .debug_rnglists
                0x00000000      0x329 ./out/tasks.o
 .debug_rnglists
                0x00000329       0x2b ./out/list.o
 .debug_rnglists
                0x00000354      0x1ed ./out/queue.o
 .debug_rnglists
                0x00000541      0x115 ./out/timers.o
 .debug_rnglists
                0x00000656       0x69 ./out/heap_4.o
 .debug_rnglists
                0x000006bf       0x7c ./out/port.o
 .debug_rnglists
                0x0000073b       0x82 ./out/IntQueue.o
 .debug_rnglists
                0x000007bd       0x1f ./out/IntQueueTimer.o
 .debug_rnglists
                0x000007dc       0x68 ./out/main.o
 .debug_rnglists
                0x00000844       0x64 ./out/startup_gcc.o
 .debug_rnglists
                0x000008a8       0x58 /usr/lib/gcc/arm-none-eabi/13.2.1/../../../arm-none-eabi/lib/thumb/v7-m/nofp/libg_nano.a(libc_a-fflush.o)
 .debug_rnglists
                0x00000900       0x13 /usr/lib/gcc/arm-none-eabi/13.2.1/../../../arm-none-eabi/lib/thumb/v7-m/nofp/libg_nano.a(libc_a-freer.o)
 .debug_rnglists
                0x00000913       0x7a /usr/lib/gcc/arm-none-eabi/13.2.1/../../../arm-none-eabi/lib/thumb/v7-m/nofp/libg_nano.a(libc_a-findfp.o)
 .debug_rnglists
                0x0000098d       0x1f /usr/lib/gcc/arm-none-eabi/13.2.1/../../../arm-none-eabi/lib/thumb/v7-m/nofp/libg_nano.a(libc_a-mallocr.o)

.debug_macro    0x00000000     0x64b1
 .debug_macro   0x00000000      0x286 ./out/tasks.o
 .debug_macro   0x00000286      0xac0 ./out/tasks.o
 .debug_macro   0x00000d46       0x24 ./out/tasks.o
 .debug_macro   0x00000d6a       0x22 ./out/tasks.o
 .debug_macro   0x00000d8c       0x60 ./out/tasks.o
 .debug_macro   0x00000dec       0x94 ./out/tasks.o
 .debug_macro   0x00000e80       0x3c ./out/tasks.o
 .debug_macro   0x00000ebc       0x34 ./out/tasks.o
 .debug_macro   0x00000ef0       0x16 ./out/tasks.o
 .debug_macro   0x00000f06      0x11c ./out/tasks.o
 .debug_macro   0x00001022       0x9b ./out/tasks.o
 .debug_macro   0x000010bd       0x57 ./out/tasks.o
 .debug_macro   0x00001114      0x370 ./out/tasks.o
 .debug_macro   0x00001484       0x16 ./out/tasks.o
 .debug_macro   0x0000149a       0x4a ./out/tasks.o
 .debug_macro   0x000014e4       0x34 ./out/tasks.o
 .debug_macro   0x00001518       0x10 ./out/tasks.o
 .debug_macro   0x00001528       0x52 ./out/tasks.o
 .debug_macro   0x0000157a      0x1de ./out/tasks.o
 .debug_macro   0x00001758       0x16 ./out/tasks.o
 .debug_macro   0x0000176e       0x29 ./out/tasks.o
 .debug_macro   0x00001797       0x16 ./out/tasks.o
 .debug_macro   0x000017ad       0x3c ./out/tasks.o
 .debug_macro   0x000017e9      0x34e ./out/tasks.o
 .debug_macro   0x00001b37       0x16 ./out/tasks.o
 .debug_macro   0x00001b4d      0x15f ./out/tasks.o
 .debug_macro   0x00001cac       0x22 ./out/tasks.o
 .debug_macro   0x00001cce      0x182 ./out/tasks.o
 .debug_macro   0x00001e50       0xe7 ./out/tasks.o
 .debug_macro   0x00001f37       0x3a ./out/tasks.o
 .debug_macro   0x00001f71       0x1f ./out/tasks.o
 .debug_macro   0x00001f90       0x12 ./out/tasks.o
 .debug_macro   0x00001fa2      0xff3 ./out/tasks.o
 .debug_macro   0x00002f95       0xc3 ./out/tasks.o
 .debug_macro   0x00003058      0x14f ./out/tasks.o
 .debug_macro   0x000031a7       0x98 ./out/tasks.o
 .debug_macro   0x0000323f       0x16 ./out/tasks.o
 .debug_macro   0x00003255      0x167 ./out/list.o
 .debug_macro   0x000033bc      0x1f9 ./out/queue.o
 .debug_macro   0x000035b5       0x8e ./out/queue.o
 .debug_macro   0x00003643      0x1b6 ./out/timers.o
 .debug_macro   0x000037f9       0x9e ./out/timers.o
 .debug_macro   0x00003897      0x1f7 ./out/heap_4.o
 .debug_macro   0x00003a8e      0x158 ./out/port.o
 .debug_macro   0x00003be6      0x190 ./out/port.o
 .debug_macro   0x00003d76      0x1f0 ./out/IntQueue.o
 .debug_macro   0x00003f66       0x10 ./out/IntQueue.o
 .debug_macro   0x00003f76       0xf2 ./out/IntQueueTimer.o
 .debug_macro   0x00004068       0x22 ./out/IntQueueTimer.o
 .debug_macro   0x0000408a       0x1c ./out/IntQueueTimer.o
 .debug_macro   0x000040a6       0x22 ./out/IntQueueTimer.o
 .debug_macro   0x000040c8       0xd6 ./out/IntQueueTimer.o
 .debug_macro   0x0000419e      0xe2d ./out/IntQueueTimer.o
 .debug_macro   0x00004fcb      0x11f ./out/IntQueueTimer.o
 .debug_macro   0x000050ea      0x7b3 ./out/IntQueueTimer.o
 .debug_macro   0x0000589d      0x4a6 ./out/IntQueueTimer.o
 .debug_macro   0x00005d43      0x1e0 ./out/main.o
 .debug_macro   0x00005f23       0x16 ./out/main.o
 .debug_macro   0x00005f39       0x9e ./out/main.o
 .debug_macro   0x00005fd7      0x112 ./out/main.o
 .debug_macro   0x000060e9       0x10 ./out/main.o
 .debug_macro   0x000060f9       0x16 ./out/main.o
 .debug_macro   0x0000610f       0x16 ./out/main.o
 .debug_macro   0x00006125      0x170 ./out/main.o
 .debug_macro   0x00006295       0x94 ./out/main.o
 .debug_macro   0x00006329      0x13c ./out/startup_gcc.o
 .debug_macro   0x00006465       0x4c ./out/startup_gcc.o

.debug_line     0x00000000     0xb0bc
 .debug_line    0x00000000     0x2e5e ./out/tasks.o
 .debug_line    0x00002e5e      0x41d ./out/list.o
 .debug_line    0x0000327b     0x1ecf ./out/queue.o
 .debug_line    0x0000514a      0xe02 ./out/timers.o
 .debug_line    0x00005f4c      0x818 ./out/heap_4.o
 .debug_line    0x00006764      0x4f7 ./out/port.o
 .debug_line    0x00006c5b      0xe48 ./out/IntQueue.o
 .debug_line    0x00007aa3      0x3b6 ./out/IntQueueTimer.o
 .debug_line    0x00007e59      0x585 ./out/main.o
 .debug_line    0x000083de      0x6ec ./out/startup_gcc.o
 .debug_line    0x00008aca       0xe7 /usr/lib/gcc/arm-none-eabi/13.2.1/../../../arm-none-eabi/lib/thumb/v7-m/nofp/libg_nano.a(libc_a-impure.o)
 .debug_line    0x00008bb1      0x1b1 /usr/lib/gcc/arm-none-eabi/13.2.1/../../../arm-none-eabi/lib/thumb/v7-m/nofp/libg_nano.a(libc_a-memset.o)
 .debug_line    0x00008d62      0x456 /usr/lib/gcc/arm-none-eabi/13.2.1/../../../arm-none-eabi/lib/thumb/v7-m/nofp/libg_nano.a(libc_a-fflush.o)
 .debug_line    0x000091b8      0x2c8 /usr/lib/gcc/arm-none-eabi/13.2.1/../../../arm-none-eabi/lib/thumb/v7-m/nofp/libg_nano.a(libc_a-freer.o)
 .debug_line    0x00009480      0x1c9 /usr/lib/gcc/arm-none-eabi/13.2.1/../../../arm-none-eabi/lib/thumb/v7-m/nofp/libg_nano.a(libc_a-fwalk.o)
 .debug_line    0x00009649       0xbd /usr/lib/gcc/arm-none-eabi/13.2.1/../../../arm-none-eabi/lib/thumb/v7-m/nofp/libg_nano.a(libc_a-memcpy.o)
 .debug_line    0x00009706      0x153 /usr/lib/gcc/arm-none-eabi/13.2.1/../../../arm-none-eabi/lib/thumb/v7-m/nofp/libg_nano.a(libc_a-mlock.o)
 .debug_line    0x00009859      0x51f /usr/lib/gcc/arm-none-eabi/13.2.1/../../../arm-none-eabi/lib/thumb/v7-m/nofp/libg_nano.a(libc_a-findfp.o)
 .debug_line    0x00009d78      0x45c /usr/lib/gcc/arm-none-eabi/13.2.1/../../../arm-none-eabi/lib/thumb/v7-m/nofp/libg_nano.a(libc_a-mallocr.o)
 .debug_line    0x0000a1d4      0x196 /usr/lib/gcc/arm-none-eabi/13.2.1/../../../arm-none-eabi/lib/thumb/v7-m/nofp/libg_nano.a(libc_a-sbrkr.o)
 .debug_line    0x0000a36a      0x22b /usr/lib/gcc/arm-none-eabi/13.2.1/../../../arm-none-eabi/lib/thumb/v7-m/nofp/libg_nano.a(libc_a-stdio.o)
 .debug_line    0x0000a595      0x196 /usr/lib/gcc/arm-none-eabi/13.2.1/../../../arm-none-eabi/lib/thumb/v7-m/nofp/libg_nano.a(libc_a-closer.o)
 .debug_line    0x0000a72b      0x19c /usr/lib/gcc/arm-none-eabi/13.2.1/../../../arm-none-eabi/lib/thumb/v7-m/nofp/libg_nano.a(libc_a-readr.o)
 .debug_line    0x0000a8c7      0x27b /usr/lib/gcc/arm-none-eabi/13.2.1/../../../arm-none-eabi/lib/thumb/v7-m/nofp/libg_nano.a(libc_a-reent.o)
 .debug_line    0x0000ab42      0x19d /usr/lib/gcc/arm-none-eabi/13.2.1/../../../arm-none-eabi/lib/thumb/v7-m/nofp/libg_nano.a(libc_a-lseekr.o)
 .debug_line    0x0000acdf      0x19d /usr/lib/gcc/arm-none-eabi/13.2.1/../../../arm-none-eabi/lib/thumb/v7-m/nofp/libg_nano.a(libc_a-writer.o)
 .debug_line    0x0000ae7c       0x72 /usr/lib/gcc/arm-none-eabi/13.2.1/../../../arm-none-eabi/lib/thumb/v7-m/nofp/libnosys.a(close.o)
 .debug_line    0x0000aeee       0x73 /usr/lib/gcc/arm-none-eabi/13.2.1/../../../arm-none-eabi/lib/thumb/v7-m/nofp/libnosys.a(lseek.o)
 .debug_line    0x0000af61       0x72 /usr/lib/gcc/arm-none-eabi/13.2.1/../../../arm-none-eabi/lib/thumb/v7-m/nofp/libnosys.a(read.o)
 .debug_line    0x0000afd3       0x76 /usr/lib/gcc/arm-none-eabi/13.2.1/../../../arm-none-eabi/lib/thumb/v7-m/nofp/libnosys.a(sbrk.o)
 .debug_line    0x0000b049       0x73 /usr/lib/gcc/arm-none-eabi/13.2.1/../../../arm-none-eabi/lib/thumb/v7-m/nofp/libnosys.a(write.o)

.debug_str      0x00000000    0x23c71
 .debug_str     0x00000000    0x23c71 ./out/tasks.o
                              0x13b64 (size before relaxing)
 .debug_str     0x00023c71     0xffae ./out/list.o
 .debug_str     0x00023c71    0x12c81 ./out/queue.o
 .debug_str     0x00023c71    0x12ffa ./out/timers.o
 .debug_str     0x00023c71    0x11ae1 ./out/heap_4.o
 .debug_str     0x00023c71     0xedcb ./out/port.o
 .debug_str     0x00023c71    0x127a7 ./out/IntQueue.o
 .debug_str     0x00023c71    0x179bf ./out/IntQueueTimer.o
 .debug_str     0x00023c71    0x13193 ./out/main.o
 .debug_str     0x00023c71     0x7634 ./out/startup_gcc.o
 .debug_str     0x00023c71      0x4b4 /usr/lib/gcc/arm-none-eabi/13.2.1/../../../arm-none-eabi/lib/thumb/v7-m/nofp/libg_nano.a(libc_a-impure.o)
 .debug_str     0x00023c71      0x1a5 /usr/lib/gcc/arm-none-eabi/13.2.1/../../../arm-none-eabi/lib/thumb/v7-m/nofp/libg_nano.a(libc_a-memset.o)
 .debug_str     0x00023c71      0x53b /usr/lib/gcc/arm-none-eabi/13.2.1/../../../arm-none-eabi/lib/thumb/v7-m/nofp/libg_nano.a(libc_a-fflush.o)
 .debug_str     0x00023c71      0x534 /usr/lib/gcc/arm-none-eabi/13.2.1/../../../arm-none-eabi/lib/thumb/v7-m/nofp/libg_nano.a(libc_a-freer.o)
 .debug_str     0x00023c71      0x4c4 /usr/lib/gcc/arm-none-eabi/13.2.1/../../../arm-none-eabi/lib/thumb/v7-m/nofp/libg_nano.a(libc_a-fwalk.o)
 .debug_str     0x00023c71       0xa8 /usr/lib/gcc/arm-none-eabi/13.2.1/../../../arm-none-eabi/lib/thumb/v7-m/nofp/libg_nano.a(libc_a-memcpy.o)
 .debug_str     0x00023c71      0x4d2 /usr/lib/gcc/arm-none-eabi/13.2.1/../../../arm-none-eabi/lib/thumb/v7-m/nofp/libg_nano.a(libc_a-mlock.o)
 .debug_str     0x00023c71      0x6b7 /usr/lib/gcc/arm-none-eabi/13.2.1/../../../arm-none-eabi/lib/thumb/v7-m/nofp/libg_nano.a(libc_a-findfp.o)
 .debug_str     0x00023c71      0x595 /usr/lib/gcc/arm-none-eabi/13.2.1/../../../arm-none-eabi/lib/thumb/v7-m/nofp/libg_nano.a(libc_a-mallocr.o)
 .debug_str     0x00023c71      0x4bd /usr/lib/gcc/arm-none-eabi/13.2.1/../../../arm-none-eabi/lib/thumb/v7-m/nofp/libg_nano.a(libc_a-sbrkr.o)
 .debug_str     0x00023c71      0x521 /usr/lib/gcc/arm-none-eabi/13.2.1/../../../arm-none-eabi/lib/thumb/v7-m/nofp/libg_nano.a(libc_a-stdio.o)
 .debug_str     0x00023c71      0x4aa /usr/lib/gcc/arm-none-eabi/13.2.1/../../../arm-none-eabi/lib/thumb/v7-m/nofp/libg_nano.a(libc_a-closer.o)
 .debug_str     0x00023c71      0x4b8 /usr/lib/gcc/arm-none-eabi/13.2.1/../../../arm-none-eabi/lib/thumb/v7-m/nofp/libg_nano.a(libc_a-readr.o)
 .debug_str     0x00023c71      0x4d3 /usr/lib/gcc/arm-none-eabi/13.2.1/../../../arm-none-eabi/lib/thumb/v7-m/nofp/libg_nano.a(libc_a-reent.o)
 .debug_str     0x00023c71      0x4b8 /usr/lib/gcc/arm-none-eabi/13.2.1/../../../arm-none-eabi/lib/thumb/v7-m/nofp/libg_nano.a(libc_a-lseekr.o)
 .debug_str     0x00023c71      0x4ba /usr/lib/gcc/arm-none-eabi/13.2.1/../../../arm-none-eabi/lib/thumb/v7-m/nofp/libg_nano.a(libc_a-writer.o)
 .debug_str     0x00023c71      0x190 /usr/lib/gcc/arm-none-eabi/13.2.1/../../../arm-none-eabi/lib/thumb/v7-m/nofp/libnosys.a(close.o)
 .debug_str     0x00023c71      0x18e /usr/lib/gcc/arm-none-eabi/13.2.1/../../../arm-none-eabi/lib/thumb/v7-m/nofp/libnosys.a(lseek.o)
 .debug_str     0x00023c71      0x18b /usr/lib/gcc/arm-none-eabi/13.2.1/../../../arm-none-eabi/lib/thumb/v7-m/nofp/libnosys.a(read.o)
 .debug_str     0x00023c71      0x115 /usr/lib/gcc/arm-none-eabi/13.2.1/../../../arm-none-eabi/lib/thumb/v7-m/nofp/libnosys.a(sbrk.o)
 .debug_str     0x00023c71      0x18e /usr/lib/gcc/arm-none-eabi/13.2.1/../../../arm-none-eabi/lib/thumb/v7-m/nofp/libnosys.a(write.o)

.comment        0x00000000       0x26
 .comment       0x00000000       0x26 ./out/tasks.o
                                 0x27 (size before relaxing)
 .comment       0x00000026       0x27 ./out/list.o
 .comment       0x00000026       0x27 ./out/queue.o
 .comment       0x00000026       0x27 ./out/timers.o
 .comment       0x00000026       0x27 ./out/heap_4.o
 .comment       0x00000026       0x27 ./out/port.o
 .comment       0x00000026       0x27 ./out/IntQueue.o
 .comment       0x00000026       0x27 ./out/IntQueueTimer.o
 .comment       0x00000026       0x27 ./out/main.o
 .comment       0x00000026       0x27 ./out/startup_gcc.o
 .comment       0x00000026       0x27 /usr/lib/gcc/arm-none-eabi/13.2.1/../../../arm-none-eabi/lib/thumb/v7-m/nofp/libg_nano.a(libc_a-impure.o)
 .comment       0x00000026       0x27 /usr/lib/gcc/arm-none-eabi/13.2.1/../../../arm-none-eabi/lib/thumb/v7-m/nofp/libg_nano.a(libc_a-memset.o)
 .comment       0x00000026       0x27 /usr/lib/gcc/arm-none-eabi/13.2.1/../../../arm-none-eabi/lib/thumb/v7-m/nofp/libg_nano.a(libc_a-fflush.o)
 .comment       0x00000026       0x27 /usr/lib/gcc/arm-none-eabi/13.2.1/../../../arm-none-eabi/lib/thumb/v7-m/nofp/libg_nano.a(libc_a-freer.o)
 .comment       0x00000026       0x27 /usr/lib/gcc/arm-none-eabi/13.2.1/../../../arm-none-eabi/lib/thumb/v7-m/nofp/libg_nano.a(libc_a-fwalk.o)
 .comment       0x00000026       0x27 /usr/lib/gcc/arm-none-eabi/13.2.1/../../../arm-none-eabi/lib/thumb/v7-m/nofp/libg_nano.a(libc_a-mlock.o)
 .comment       0x00000026       0x27 /usr/lib/gcc/arm-none-eabi/13.2.1/../../../arm-none-eabi/lib/thumb/v7-m/nofp/libg_nano.a(libc_a-findfp.o)
 .comment       0x00000026       0x27 /usr/lib/gcc/arm-none-eabi/13.2.1/../../../arm-none-eabi/lib/thumb/v7-m/nofp/libg_nano.a(libc_a-mallocr.o)
 .comment       0x00000026       0x27 /usr/lib/gcc/arm-none-eabi/13.2.1/../../../arm-none-eabi/lib/thumb/v7-m/nofp/libg_nano.a(libc_a-sbrkr.o)
 .comment       0x00000026       0x27 /usr/lib/gcc/arm-none-eabi/13.2.1/../../../arm-none-eabi/lib/thumb/v7-m/nofp/libg_nano.a(libc_a-stdio.o)
 .comment       0x00000026       0x27 /usr/lib/gcc/arm-none-eabi/13.2.1/../../../arm-none-eabi/lib/thumb/v7-m/nofp/libg_nano.a(libc_a-closer.o)
 .comment       0x00000026       0x27 /usr/lib/gcc/arm-none-eabi/13.2.1/../../../arm-none-eabi/lib/thumb/v7-m/nofp/libg_nano.a(libc_a-readr.o)
 .comment       0x00000026       0x27 /usr/lib/gcc/arm-none-eabi/13.2.1/../../../arm-none-eabi/lib/thumb/v7-m/nofp/libg_nano.a(libc_a-reent.o)
 .comment       0x00000026       0x27 /usr/lib/gcc/arm-none-eabi/13.2.1/../../../arm-none-eabi/lib/thumb/v7-m/nofp/libg_nano.a(libc_a-lseekr.o)
 .comment       0x00000026       0x27 /usr/lib/gcc/arm-none-eabi/13.2.1/../../../arm-none-eabi/lib/thumb/v7-m/nofp/libg_nano.a(libc_a-writer.o)
 .comment       0x00000026       0x27 /usr/lib/gcc/arm-none-eabi/13.2.1/../../../arm-none-eabi/lib/thumb/v7-m/nofp/libnosys.a(close.o)
 .comment       0x00000026       0x27 /usr/lib/gcc/arm-none-eabi/13.2.1/../../../arm-none-eabi/lib/thumb/v7-m/nofp/libnosys.a(lseek.o)
 .comment       0x00000026       0x27 /usr/lib/gcc/arm-none-eabi/13.2.1/../../../arm-none-eabi/lib/thumb/v7-m/nofp/libnosys.a(read.o)
 .comment       0x00000026       0x27 /usr/lib/gcc/arm-none-eabi/13.2.1/../../../arm-none-eabi/lib/thumb/v7-m/nofp/libnosys.a(sbrk.o)
 .comment       0x00000026       0x27 /usr/lib/gcc/arm-none-eabi/13.2.1/../../../arm-none-eabi/lib/thumb/v7-m/nofp/libnosys.a(write.o)

.ARM.attributes
                0x00000000       0x2b
 .ARM.attributes
                0x00000000       0x2d ./out/tasks.o
 .ARM.attributes
                0x0000002d       0x2d ./out/list.o
 .ARM.attributes
                0x0000005a       0x2d ./out/queue.o
 .ARM.attributes
                0x00000087       0x2d ./out/timers.o
 .ARM.attributes
                0x000000b4       0x2d ./out/heap_4.o
 .ARM.attributes
                0x000000e1       0x2d ./out/port.o
 .ARM.attributes
                0x0000010e       0x2d ./out/IntQueue.o
 .ARM.attributes
                0x0000013b       0x2d ./out/IntQueueTimer.o
 .ARM.attributes
                0x00000168       0x2d ./out/main.o
 .ARM.attributes
                0x00000195       0x2d ./out/startup_gcc.o
 .ARM.attributes
                0x000001c2       0x2d /usr/lib/gcc/arm-none-eabi/13.2.1/../../../arm-none-eabi/lib/thumb/v7-m/nofp/libg_nano.a(libc_a-impure.o)
 .ARM.attributes
                0x000001ef       0x2d /usr/lib/gcc/arm-none-eabi/13.2.1/../../../arm-none-eabi/lib/thumb/v7-m/nofp/libg_nano.a(libc_a-memset.o)
 .ARM.attributes
                0x0000021c       0x2d /usr/lib/gcc/arm-none-eabi/13.2.1/../../../arm-none-eabi/lib/thumb/v7-m/nofp/libg_nano.a(libc_a-fflush.o)
 .ARM.attributes
                0x00000249       0x2d /usr/lib/gcc/arm-none-eabi/13.2.1/../../../arm-none-eabi/lib/thumb/v7-m/nofp/libg_nano.a(libc_a-freer.o)
 .ARM.attributes
                0x00000276       0x2d /usr/lib/gcc/arm-none-eabi/13.2.1/../../../arm-none-eabi/lib/thumb/v7-m/nofp/libg_nano.a(libc_a-fwalk.o)
 .ARM.attributes
                0x000002a3       0x1b /usr/lib/gcc/arm-none-eabi/13.2.1/../../../arm-none-eabi/lib/thumb/v7-m/nofp/libg_nano.a(libc_a-memcpy.o)
 .ARM.attributes
                0x000002be       0x2d /usr/lib/gcc/arm-none-eabi/13.2.1/../../../arm-none-eabi/lib/thumb/v7-m/nofp/libg_nano.a(libc_a-mlock.o)
 .ARM.attributes
                0x000002eb       0x2d /usr/lib/gcc/arm-none-eabi/13.2.1/../../../arm-none-eabi/lib/thumb/v7-m/nofp/libg_nano.a(libc_a-findfp.o)
 .ARM.attributes
                0x00000318       0x2d /usr/lib/gcc/arm-none-eabi/13.2.1/../../../arm-none-eabi/lib/thumb/v7-m/nofp/libg_nano.a(libc_a-mallocr.o)
 .ARM.attributes
                0x00000345       0x2d /usr/lib/gcc/arm-none-eabi/13.2.1/../../../arm-none-eabi/lib/thumb/v7-m/nofp/libg_nano.a(libc_a-sbrkr.o)
 .ARM.attributes
                0x00000372       0x2d /usr/lib/gcc/arm-none-eabi/13.2.1/../../../arm-none-eabi/lib/thumb/v7-m/nofp/libg_nano.a(libc_a-stdio.o)
 .ARM.attributes
                0x0000039f       0x2d /usr/lib/gcc/arm-none-eabi/13.2.1/../../../arm-none-eabi/lib/thumb/v7-m/nofp/libg_nano.a(libc_a-closer.o)
 .ARM.attributes
                0x000003cc       0x2d /usr/lib/gcc/arm-none-eabi/13.2.1/../../../arm-none-eabi/lib/thumb/v7-m/nofp/libg_nano.a(libc_a-readr.o)
 .ARM.attributes
                0x000003f9       0x2d /usr/lib/gcc/arm-none-eabi/13.2.1/../../../arm-none-eabi/lib/thumb/v7-m/nofp/libg_nano.a(libc_a-reent.o)
 .ARM.attributes
                0x00000426       0x2d /usr/lib/gcc/arm-none-eabi/13.2.1/../../../arm-none-eabi/lib/thumb/v7-m/nofp/libg_nano.a(libc_a-lseekr.o)
 .ARM.attributes
                0x00000453       0x2d /usr/lib/gcc/arm-none-eabi/13.2.1/../../../arm-none-eabi/lib/thumb/v7-m/nofp/libg_nano.a(libc_a-writer.o)
 .ARM.attributes
                0x00000480       0x2d /usr/lib/gcc/arm-none-eabi/13.2.1/../../../arm-none-eabi/lib/thumb/v7-m/nofp/libnosys.a(close.o)
 .ARM.attributes
                0x000004ad       0x2d /usr/lib/gcc/arm-none-eabi/13.2.1/../../../arm-none-eabi/lib/thumb/v7-m/nofp/libnosys.a(lseek.o)
 .ARM.attributes
                0x000004da       0x2d /usr/lib/gcc/arm-none-eabi/13.2.1/../../../arm-none-eabi/lib/thumb/v7-m/nofp/libnosys.a(read.o)
 .ARM.attributes
                0x00000507       0x2d /usr/lib/gcc/arm-none-eabi/13.2.1/../../../arm-none-eabi/lib/thumb/v7-m/nofp/libnosys.a(sbrk.o)
 .ARM.attributes
                0x00000534       0x2d /usr/lib/gcc/arm-none-eabi/13.2.1/../../../arm-none-eabi/lib/thumb/v7-m/nofp/libnosys.a(write.o)

.debug_frame    0x00000000     0x1b08
 .debug_frame   0x00000000      0x764 ./out/tasks.o
 .debug_frame   0x00000764       0x6c ./out/list.o
 .debug_frame   0x000007d0      0x4dc ./out/queue.o
 .debug_frame   0x00000cac      0x2f4 ./out/timers.o
 .debug_frame   0x00000fa0       0xfc ./out/heap_4.o
 .debug_frame   0x0000109c      0x108 ./out/port.o
 .debug_frame   0x000011a4      0x160 ./out/IntQueue.o
 .debug_frame   0x00001304       0x50 ./out/IntQueueTimer.o
 .debug_frame   0x00001354      0x13c ./out/main.o
 .debug_frame   0x00001490      0x178 ./out/startup_gcc.o
 .debug_frame   0x00001608       0x2c /usr/lib/gcc/arm-none-eabi/13.2.1/../../../arm-none-eabi/lib/thumb/v7-m/nofp/libg_nano.a(libc_a-memset.o)
 .debug_frame   0x00001634       0x8c /usr/lib/gcc/arm-none-eabi/13.2.1/../../../arm-none-eabi/lib/thumb/v7-m/nofp/libg_nano.a(libc_a-fflush.o)
 .debug_frame   0x000016c0       0x58 /usr/lib/gcc/arm-none-eabi/13.2.1/../../../arm-none-eabi/lib/thumb/v7-m/nofp/libg_nano.a(libc_a-freer.o)
 .debug_frame   0x00001718       0x34 /usr/lib/gcc/arm-none-eabi/13.2.1/../../../arm-none-eabi/lib/thumb/v7-m/nofp/libg_nano.a(libc_a-fwalk.o)
 .debug_frame   0x0000174c       0x30 /usr/lib/gcc/arm-none-eabi/13.2.1/../../../arm-none-eabi/lib/thumb/v7-m/nofp/libg_nano.a(libc_a-mlock.o)
 .debug_frame   0x0000177c       0xf4 /usr/lib/gcc/arm-none-eabi/13.2.1/../../../arm-none-eabi/lib/thumb/v7-m/nofp/libg_nano.a(libc_a-findfp.o)
 .debug_frame   0x00001870       0x50 /usr/lib/gcc/arm-none-eabi/13.2.1/../../../arm-none-eabi/lib/thumb/v7-m/nofp/libg_nano.a(libc_a-mallocr.o)
 .debug_frame   0x000018c0       0x2c /usr/lib/gcc/arm-none-eabi/13.2.1/../../../arm-none-eabi/lib/thumb/v7-m/nofp/libg_nano.a(libc_a-sbrkr.o)
 .debug_frame   0x000018ec       0x8c /usr/lib/gcc/arm-none-eabi/13.2.1/../../../arm-none-eabi/lib/thumb/v7-m/nofp/libg_nano.a(libc_a-stdio.o)
 .debug_frame   0x00001978       0x2c /usr/lib/gcc/arm-none-eabi/13.2.1/../../../arm-none-eabi/lib/thumb/v7-m/nofp/libg_nano.a(libc_a-closer.o)
 .debug_frame   0x000019a4       0x2c /usr/lib/gcc/arm-none-eabi/13.2.1/../../../arm-none-eabi/lib/thumb/v7-m/nofp/libg_nano.a(libc_a-readr.o)
 .debug_frame   0x000019d0       0x40 /usr/lib/gcc/arm-none-eabi/13.2.1/../../../arm-none-eabi/lib/thumb/v7-m/nofp/libg_nano.a(libc_a-reent.o)
 .debug_frame   0x00001a10       0x2c /usr/lib/gcc/arm-none-eabi/13.2.1/../../../arm-none-eabi/lib/thumb/v7-m/nofp/libg_nano.a(libc_a-lseekr.o)
 .debug_frame   0x00001a3c       0x2c /usr/lib/gcc/arm-none-eabi/13.2.1/../../../arm-none-eabi/lib/thumb/v7-m/nofp/libg_nano.a(libc_a-writer.o)
 .debug_frame   0x00001a68       0x20 /usr/lib/gcc/arm-none-eabi/13.2.1/../../../arm-none-eabi/lib/thumb/v7-m/nofp/libnosys.a(close.o)
 .debug_frame   0x00001a88       0x20 /usr/lib/gcc/arm-none-eabi/13.2.1/../../../arm-none-eabi/lib/thumb/v7-m/nofp/libnosys.a(lseek.o)
 .debug_frame   0x00001aa8       0x20 /usr/lib/gcc/arm-none-eabi/13.2.1/../../../arm-none-eabi/lib/thumb/v7-m/nofp/libnosys.a(read.o)
 .debug_frame   0x00001ac8       0x20 /usr/lib/gcc/arm-none-eabi/13.2.1/../../../arm-none-eabi/lib/thumb/v7-m/nofp/libnosys.a(sbrk.o)
 .debug_frame   0x00001ae8       0x20 /usr/lib/gcc/arm-none-eabi/13.2.1/../../../arm-none-eabi/lib/thumb/v7-m/nofp/libnosys.a(write.o)

.debug_line_str
                0x00000000       0x95
 .debug_line_str
                0x00000000       0x95 /usr/lib/gcc/arm-none-eabi/13.2.1/../../../arm-none-eabi/lib/thumb/v7-m/nofp/libg_nano.a(libc_a-memcpy.o)
